C:/WORK/EASYGROUP/Easy Electronic/Project/RFID_CRD/4. Implement/3. FW/Middlewares/ST/ndef/Src/poller/ndef_t2t.c:143:19:ndefT2TPollerReadBlock	32	static
C:/WORK/EASYGROUP/Easy Electronic/Project/RFID_CRD/4. Implement/3. FW/Middlewares/ST/ndef/Src/poller/ndef_t2t.c:452:19:ndefT2TPollerWriteBlock	24	static
C:/WORK/EASYGROUP/Easy Electronic/Project/RFID_CRD/4. Implement/3. FW/Middlewares/ST/ndef/Src/poller/ndef_t2t.c:179:12:ndefT2TPollerReadBytes	56	static
C:/WORK/EASYGROUP/Easy Electronic/Project/RFID_CRD/4. Implement/3. FW/Middlewares/ST/ndef/Src/poller/ndef_t2t.c:253:12:ndefT2TPollerContextInitialization	16	static
C:/WORK/EASYGROUP/Easy Electronic/Project/RFID_CRD/4. Implement/3. FW/Middlewares/ST/ndef/Src/poller/ndef_t2t.c:270:12:ndefT2TPollerNdefDetect	48	static
C:/WORK/EASYGROUP/Easy Electronic/Project/RFID_CRD/4. Implement/3. FW/Middlewares/ST/ndef/Src/poller/ndef_t2t.c:416:12:ndefT2TPollerReadRawMessage	24	static
C:/WORK/EASYGROUP/Easy Electronic/Project/RFID_CRD/4. Implement/3. FW/Middlewares/ST/ndef/Src/poller/ndef_t2t.c:482:12:ndefT2TPollerWriteBytes	56	static
C:/WORK/EASYGROUP/Easy Electronic/Project/RFID_CRD/4. Implement/3. FW/Middlewares/ST/ndef/Src/poller/ndef_t2t.c:544:12:ndefT2TPollerWriteRawMessageLen	24	static
C:/WORK/EASYGROUP/Easy Electronic/Project/RFID_CRD/4. Implement/3. FW/Middlewares/ST/ndef/Src/poller/ndef_t2t.c:656:12:ndefT2TPollerTagFormat	24	static
C:/WORK/EASYGROUP/Easy Electronic/Project/RFID_CRD/4. Implement/3. FW/Middlewares/ST/ndef/Src/poller/ndef_t2t.c:725:12:ndefT2TPollerCheckPresence	8	static
C:/WORK/EASYGROUP/Easy Electronic/Project/RFID_CRD/4. Implement/3. FW/Middlewares/ST/ndef/Src/poller/ndef_t2t.c:747:12:ndefT2TPollerCheckAvailableSpace	0	static
C:/WORK/EASYGROUP/Easy Electronic/Project/RFID_CRD/4. Implement/3. FW/Middlewares/ST/ndef/Src/poller/ndef_t2t.c:771:12:ndefT2TPollerBeginWriteMessage	16	static
C:/WORK/EASYGROUP/Easy Electronic/Project/RFID_CRD/4. Implement/3. FW/Middlewares/ST/ndef/Src/poller/ndef_t2t.c:806:12:ndefT2TPollerEndWriteMessage	24	static
C:/WORK/EASYGROUP/Easy Electronic/Project/RFID_CRD/4. Implement/3. FW/Middlewares/ST/ndef/Src/poller/ndef_t2t.c:594:12:ndefT2TPollerWriteRawMessage	24	static
