C:/WORK/EASYGROUP/Easy Electronic/Project/RFID_CRD/4. Implement/3. FW/Middlewares/ST/ndef/Src/poller/ndef_poller.c:102:12:ndefPollerContextInitialization	0	static
C:/WORK/EASYGROUP/Easy Electronic/Project/RFID_CRD/4. Implement/3. FW/Middlewares/ST/ndef/Src/poller/ndef_poller.c:251:12:ndefPollerNdefDetect	0	static
C:/WORK/EASYGROUP/Easy Electronic/Project/RFID_CRD/4. Implement/3. FW/Middlewares/ST/ndef/Src/poller/ndef_poller.c:267:12:ndefPollerReadRawMessage	4	static
C:/WORK/EASYGROUP/Easy Electronic/Project/RFID_CRD/4. Implement/3. FW/Middlewares/ST/ndef/Src/poller/ndef_poller.c:283:12:ndefPollerReadBytes	8	static
C:/WORK/EASYGROUP/Easy Electronic/Project/RFID_CRD/4. Implement/3. FW/Middlewares/ST/ndef/Src/poller/ndef_poller.c:301:12:ndefPollerWriteRawMessage	0	static
C:/WORK/EASYGROUP/Easy Electronic/Project/RFID_CRD/4. Implement/3. FW/Middlewares/ST/ndef/Src/poller/ndef_poller.c:317:12:ndefPollerTagFormat	0	static
C:/WORK/EASYGROUP/Easy Electronic/Project/RFID_CRD/4. Implement/3. FW/Middlewares/ST/ndef/Src/poller/ndef_poller.c:333:12:ndefPollerWriteRawMessageLen	0	static
C:/WORK/EASYGROUP/Easy Electronic/Project/RFID_CRD/4. Implement/3. FW/Middlewares/ST/ndef/Src/poller/ndef_poller.c:349:12:ndefPollerWriteBytes	4	static
C:/WORK/EASYGROUP/Easy Electronic/Project/RFID_CRD/4. Implement/3. FW/Middlewares/ST/ndef/Src/poller/ndef_poller.c:365:12:ndefPollerCheckPresence	0	static
C:/WORK/EASYGROUP/Easy Electronic/Project/RFID_CRD/4. Implement/3. FW/Middlewares/ST/ndef/Src/poller/ndef_poller.c:381:12:ndefPollerCheckAvailableSpace	0	static
C:/WORK/EASYGROUP/Easy Electronic/Project/RFID_CRD/4. Implement/3. FW/Middlewares/ST/ndef/Src/poller/ndef_poller.c:397:12:ndefPollerBeginWriteMessage	0	static
C:/WORK/EASYGROUP/Easy Electronic/Project/RFID_CRD/4. Implement/3. FW/Middlewares/ST/ndef/Src/poller/ndef_poller.c:413:12:ndefPollerEndWriteMessage	0	static
C:/WORK/EASYGROUP/Easy Electronic/Project/RFID_CRD/4. Implement/3. FW/Middlewares/ST/ndef/Src/poller/ndef_poller.c:429:12:ndefPollerWriteMessage	56	static
