C:/WORK/EASYGROUP/Easy Electronic/Project/RFID_CRD/4. Implement/3. FW/Middlewares/ST/ndef/Src/poller/ndef_t4t.c:137:13:ndefT4TInitializeIsoDepTxRxParam	0	static
C:/WORK/EASYGROUP/Easy Electronic/Project/RFID_CRD/4. Implement/3. FW/Middlewares/ST/ndef/Src/poller/ndef_t4t.c:151:19:ndefT4TTransceiveTxRx	48	static
C:/WORK/EASYGROUP/Easy Electronic/Project/RFID_CRD/4. Implement/3. FW/Middlewares/ST/ndef/Src/poller/ndef_t4t.c:293:12:ndefT4TPollerSelectNdefTagApplication	48	static
C:/WORK/EASYGROUP/Easy Electronic/Project/RFID_CRD/4. Implement/3. FW/Middlewares/ST/ndef/Src/poller/ndef_t4t.c:334:12:ndefT4TPollerSelectFile	56	static
C:/WORK/EASYGROUP/Easy Electronic/Project/RFID_CRD/4. Implement/3. FW/Middlewares/ST/ndef/Src/poller/ndef_t4t.c:362:12:ndefT4TPollerReadBinary	56	static
C:/WORK/EASYGROUP/Easy Electronic/Project/RFID_CRD/4. Implement/3. FW/Middlewares/ST/ndef/Src/poller/ndef_t4t.c:181:19:ndefT4TReadAndParseCCFile	16	static
C:/WORK/EASYGROUP/Easy Electronic/Project/RFID_CRD/4. Implement/3. FW/Middlewares/ST/ndef/Src/poller/ndef_t4t.c:380:12:ndefT4TPollerReadBinaryODO	56	static
C:/WORK/EASYGROUP/Easy Electronic/Project/RFID_CRD/4. Implement/3. FW/Middlewares/ST/ndef/Src/poller/ndef_t4t.c:398:12:ndefT4TPollerReadBytes	32	static
C:/WORK/EASYGROUP/Easy Electronic/Project/RFID_CRD/4. Implement/3. FW/Middlewares/ST/ndef/Src/poller/ndef_t4t.c:451:12:ndefT4TPollerContextInitialization	8	static
C:/WORK/EASYGROUP/Easy Electronic/Project/RFID_CRD/4. Implement/3. FW/Middlewares/ST/ndef/Src/poller/ndef_t4t.c:468:12:ndefT4TPollerNdefDetect	16	static
C:/WORK/EASYGROUP/Easy Electronic/Project/RFID_CRD/4. Implement/3. FW/Middlewares/ST/ndef/Src/poller/ndef_t4t.c:571:12:ndefT4TPollerReadRawMessage	24	static
C:/WORK/EASYGROUP/Easy Electronic/Project/RFID_CRD/4. Implement/3. FW/Middlewares/ST/ndef/Src/poller/ndef_t4t.c:607:12:ndefT4TPollerWriteBinary	64	static
C:/WORK/EASYGROUP/Easy Electronic/Project/RFID_CRD/4. Implement/3. FW/Middlewares/ST/ndef/Src/poller/ndef_t4t.c:625:12:ndefT4TPollerWriteBinaryODO	64	static
C:/WORK/EASYGROUP/Easy Electronic/Project/RFID_CRD/4. Implement/3. FW/Middlewares/ST/ndef/Src/poller/ndef_t4t.c:643:12:ndefT4TPollerWriteBytes	24	static
C:/WORK/EASYGROUP/Easy Electronic/Project/RFID_CRD/4. Implement/3. FW/Middlewares/ST/ndef/Src/poller/ndef_t4t.c:681:12:ndefT4TPollerWriteRawMessageLen	16	static
C:/WORK/EASYGROUP/Easy Electronic/Project/RFID_CRD/4. Implement/3. FW/Middlewares/ST/ndef/Src/poller/ndef_t4t.c:786:12:ndefT4TPollerTagFormat	16	static
C:/WORK/EASYGROUP/Easy Electronic/Project/RFID_CRD/4. Implement/3. FW/Middlewares/ST/ndef/Src/poller/ndef_t4t.c:823:12:ndefT4TPollerCheckPresence	80	static
C:/WORK/EASYGROUP/Easy Electronic/Project/RFID_CRD/4. Implement/3. FW/Middlewares/ST/ndef/Src/poller/ndef_t4t.c:851:12:ndefT4TPollerCheckAvailableSpace	0	static
C:/WORK/EASYGROUP/Easy Electronic/Project/RFID_CRD/4. Implement/3. FW/Middlewares/ST/ndef/Src/poller/ndef_t4t.c:874:12:ndefT4TPollerBeginWriteMessage	8	static
C:/WORK/EASYGROUP/Easy Electronic/Project/RFID_CRD/4. Implement/3. FW/Middlewares/ST/ndef/Src/poller/ndef_t4t.c:904:12:ndefT4TPollerEndWriteMessage	16	static
C:/WORK/EASYGROUP/Easy Electronic/Project/RFID_CRD/4. Implement/3. FW/Middlewares/ST/ndef/Src/poller/ndef_t4t.c:722:12:ndefT4TPollerWriteRawMessage	24	static
