C:/WORK/EASYGROUP/Easy Electronic/Project/RFID_CRD/4. Implement/3. FW/Middlewares/ST/rfal/Src/rfal_nfcb.c:159:19:rfalNfcbCheckSensbRes	0	static
C:/WORK/EASYGROUP/Easy Electronic/Project/RFID_CRD/4. Implement/3. FW/Middlewares/ST/rfal/Src/rfal_nfcb.c:182:12:rfalNfcbPollerInitialize	8	static
C:/WORK/EASYGROUP/Easy Electronic/Project/RFID_CRD/4. Implement/3. FW/Middlewares/ST/rfal/Src/rfal_nfcb.c:200:12:rfalNfcbPollerInitializeWithParams	16	static
C:/WORK/EASYGROUP/Easy Electronic/Project/RFID_CRD/4. Implement/3. FW/Middlewares/ST/rfal/Src/rfal_nfcb.c:214:12:rfalNfcbPollerCheckPresence	48	static
C:/WORK/EASYGROUP/Easy Electronic/Project/RFID_CRD/4. Implement/3. FW/Middlewares/ST/rfal/Src/rfal_nfcb.c:259:12:rfalNfcbPollerSleep	40	static
C:/WORK/EASYGROUP/Easy Electronic/Project/RFID_CRD/4. Implement/3. FW/Middlewares/ST/rfal/Src/rfal_nfcb.c:287:12:rfalNfcbPollerSlotMarker	40	static
C:/WORK/EASYGROUP/Easy Electronic/Project/RFID_CRD/4. Implement/3. FW/Middlewares/ST/rfal/Src/rfal_nfcb.c:322:12:rfalNfcbPollerTechnologyDetection	0	static
C:/WORK/EASYGROUP/Easy Electronic/Project/RFID_CRD/4. Implement/3. FW/Middlewares/ST/rfal/Src/rfal_nfcb.c:339:12:rfalNfcbPollerSlottedCollisionResolution	64	static
C:/WORK/EASYGROUP/Easy Electronic/Project/RFID_CRD/4. Implement/3. FW/Middlewares/ST/rfal/Src/rfal_nfcb.c:331:12:rfalNfcbPollerCollisionResolution	32	static
C:/WORK/EASYGROUP/Easy Electronic/Project/RFID_CRD/4. Implement/3. FW/Middlewares/ST/rfal/Src/rfal_nfcb.c:493:10:rfalNfcbTR2ToFDT	8	static
