C:/WORK/EASYGROUP/Easy Electronic/Project/RFID_CRD/4. Implement/3. FW/Middlewares/ST/rfal/Src/rfal_isoDep.c:462:13:isoDepClearCounters	0	static
C:/WORK/EASYGROUP/Easy Electronic/Project/RFID_CRD/4. Implement/3. FW/Middlewares/ST/rfal/Src/rfal_isoDep.c:2375:13:rfalIsoDepCalcBitRate	28	static
C:/WORK/EASYGROUP/Easy Electronic/Project/RFID_CRD/4. Implement/3. FW/Middlewares/ST/rfal/Src/rfal_isoDep.c:472:19:isoDepTx	40	static
C:/WORK/EASYGROUP/Easy Electronic/Project/RFID_CRD/4. Implement/3. FW/Middlewares/ST/rfal/Src/rfal_isoDep.c:526:19:isoDepHandleControlMsg	32	static
C:/WORK/EASYGROUP/Easy Electronic/Project/RFID_CRD/4. Implement/3. FW/Middlewares/ST/rfal/Src/rfal_isoDep.c:652:6:rfalIsoDepInitialize	0	static
C:/WORK/EASYGROUP/Easy Electronic/Project/RFID_CRD/4. Implement/3. FW/Middlewares/ST/rfal/Src/rfal_isoDep.c:716:19:isoDepDataExchangePCD	40	static
C:/WORK/EASYGROUP/Easy Electronic/Project/RFID_CRD/4. Implement/3. FW/Middlewares/ST/rfal/Src/rfal_isoDep.c:694:6:rfalIsoDepInitializeWithParams	24	static
C:/WORK/EASYGROUP/Easy Electronic/Project/RFID_CRD/4. Implement/3. FW/Middlewares/ST/rfal/Src/rfal_isoDep.c:1015:12:rfalIsoDepDeselect	24	static
C:/WORK/EASYGROUP/Easy Electronic/Project/RFID_CRD/4. Implement/3. FW/Middlewares/ST/rfal/Src/rfal_isoDep.c:1052:10:rfalIsoDepFWI2FWT	0	static
C:/WORK/EASYGROUP/Easy Electronic/Project/RFID_CRD/4. Implement/3. FW/Middlewares/ST/rfal/Src/rfal_isoDep.c:1078:10:rfalIsoDepFSxI2FSx	0	static
C:/WORK/EASYGROUP/Easy Electronic/Project/RFID_CRD/4. Implement/3. FW/Middlewares/ST/rfal/Src/rfal_isoDep.c:1432:10:rfalIsoDepGetMaxInfLen	0	static
C:/WORK/EASYGROUP/Easy Electronic/Project/RFID_CRD/4. Implement/3. FW/Middlewares/ST/rfal/Src/rfal_isoDep.c:1446:12:rfalIsoDepStartTransceive	8	static
C:/WORK/EASYGROUP/Easy Electronic/Project/RFID_CRD/4. Implement/3. FW/Middlewares/ST/rfal/Src/rfal_isoDep.c:1501:12:rfalIsoDepGetTransceiveStatus	0	static
C:/WORK/EASYGROUP/Easy Electronic/Project/RFID_CRD/4. Implement/3. FW/Middlewares/ST/rfal/Src/rfal_isoDep.c:1874:12:rfalIsoDepRATS	40	static
C:/WORK/EASYGROUP/Easy Electronic/Project/RFID_CRD/4. Implement/3. FW/Middlewares/ST/rfal/Src/rfal_isoDep.c:1915:12:rfalIsoDepPPS	40	static
C:/WORK/EASYGROUP/Easy Electronic/Project/RFID_CRD/4. Implement/3. FW/Middlewares/ST/rfal/Src/rfal_isoDep.c:1951:12:rfalIsoDepATTRIB	88	static
C:/WORK/EASYGROUP/Easy Electronic/Project/RFID_CRD/4. Implement/3. FW/Middlewares/ST/rfal/Src/rfal_isoDep.c:2000:12:rfalIsoDepPollAHandleActivation	48	static
C:/WORK/EASYGROUP/Easy Electronic/Project/RFID_CRD/4. Implement/3. FW/Middlewares/ST/rfal/Src/rfal_isoDep.c:2142:12:rfalIsoDepPollBHandleActivation	64	static
C:/WORK/EASYGROUP/Easy Electronic/Project/RFID_CRD/4. Implement/3. FW/Middlewares/ST/rfal/Src/rfal_isoDep.c:2252:12:rfalIsoDepPollHandleSParameters	64	static
C:/WORK/EASYGROUP/Easy Electronic/Project/RFID_CRD/4. Implement/3. FW/Middlewares/ST/rfal/Src/rfal_isoDep.c:2505:12:rfalIsoDepStartApduTransceive	64	static
C:/WORK/EASYGROUP/Easy Electronic/Project/RFID_CRD/4. Implement/3. FW/Middlewares/ST/rfal/Src/rfal_isoDep.c:2526:12:rfalIsoDepGetApduTransceiveStatus	88	static
