C:/WORK/EASYGROUP/Easy Electronic/Project/RFID_CRD/4. Implement/3. FW/Middlewares/ST/rfal/Src/rfal_nfc.c:948:19:rfalNfcPollCollResolution	144	static
C:/WORK/EASYGROUP/Easy Electronic/Project/RFID_CRD/4. Implement/3. FW/Middlewares/ST/rfal/Src/rfal_nfc.c:1574:19:rfalNfcNfcDepActivate.constprop	40	static
C:/WORK/EASYGROUP/Easy Electronic/Project/RFID_CRD/4. Implement/3. FW/Middlewares/ST/rfal/Src/rfal_nfc.c:1668:19:rfalNfcDeactivation.isra	8	static
C:/WORK/EASYGROUP/Easy Electronic/Project/RFID_CRD/4. Implement/3. FW/Middlewares/ST/rfal/Src/rfal_nfc.c:139:12:rfalNfcInitialize	8	static
C:/WORK/EASYGROUP/Easy Electronic/Project/RFID_CRD/4. Implement/3. FW/Middlewares/ST/rfal/Src/rfal_nfc.c:153:12:rfalNfcDiscover	8	static
C:/WORK/EASYGROUP/Easy Electronic/Project/RFID_CRD/4. Implement/3. FW/Middlewares/ST/rfal/Src/rfal_nfc.c:213:12:rfalNfcDeactivate	16	static
C:/WORK/EASYGROUP/Easy Electronic/Project/RFID_CRD/4. Implement/3. FW/Middlewares/ST/rfal/Src/rfal_nfc.c:239:12:rfalNfcSelect	0	static
C:/WORK/EASYGROUP/Easy Electronic/Project/RFID_CRD/4. Implement/3. FW/Middlewares/ST/rfal/Src/rfal_nfc.c:254:14:rfalNfcGetState	0	static
C:/WORK/EASYGROUP/Easy Electronic/Project/RFID_CRD/4. Implement/3. FW/Middlewares/ST/rfal/Src/rfal_nfc.c:260:12:rfalNfcGetDevicesFound	0	static
C:/WORK/EASYGROUP/Easy Electronic/Project/RFID_CRD/4. Implement/3. FW/Middlewares/ST/rfal/Src/rfal_nfc.c:281:12:rfalNfcGetActiveDevice	0	static
C:/WORK/EASYGROUP/Easy Electronic/Project/RFID_CRD/4. Implement/3. FW/Middlewares/ST/rfal/Src/rfal_nfc.c:531:12:rfalNfcDataExchangeStart	88	static
C:/WORK/EASYGROUP/Easy Electronic/Project/RFID_CRD/4. Implement/3. FW/Middlewares/ST/rfal/Src/rfal_nfc.c:666:12:rfalNfcDataExchangeGetStatus	8	static
C:/WORK/EASYGROUP/Easy Electronic/Project/RFID_CRD/4. Implement/3. FW/Middlewares/ST/rfal/Src/rfal_nfc.c:306:6:rfalNfcWorker	64	static
