C:/WORK/EASYGROUP/Easy Electronic/Project/RFID_CRD/4. Implement/3. FW/Middlewares/ST/rfal/Src/rfal_nfcv.c:194:12:rfalNfcvPollerInitialize	8	static
C:/WORK/EASYGROUP/Easy Electronic/Project/RFID_CRD/4. Implement/3. FW/Middlewares/ST/rfal/Src/rfal_nfcv.c:226:12:rfalNfcvPollerInventory	40	static
C:/WORK/EASYGROUP/Easy Electronic/Project/RFID_CRD/4. Implement/3. FW/Middlewares/ST/rfal/Src/rfal_nfcv.c:209:12:rfalNfcvPollerCheckPresence	16	static
C:/WORK/EASYGROUP/Easy Electronic/Project/RFID_CRD/4. Implement/3. FW/Middlewares/ST/rfal/Src/rfal_nfcv.c:266:12:rfalNfcvPollerCollisionResolution	208	static
C:/WORK/EASYGROUP/Easy Electronic/Project/RFID_CRD/4. Implement/3. FW/Middlewares/ST/rfal/Src/rfal_nfcv.c:448:12:rfalNfcvPollerSleep	40	static
C:/WORK/EASYGROUP/Easy Electronic/Project/RFID_CRD/4. Implement/3. FW/Middlewares/ST/rfal/Src/rfal_nfcv.c:417:12:rfalNfcvPollerSleepCollisionResolution	56	static
C:/WORK/EASYGROUP/Easy Electronic/Project/RFID_CRD/4. Implement/3. FW/Middlewares/ST/rfal/Src/rfal_nfcv.c:550:12:rfalNfcvPollerWriteMultipleBlocks	88	static
C:/WORK/EASYGROUP/Easy Electronic/Project/RFID_CRD/4. Implement/3. FW/Middlewares/ST/rfal/Src/rfal_nfcv.c:692:12:rfalNfcvPollerExtendedWriteMultipleBlocks	88	static
C:/WORK/EASYGROUP/Easy Electronic/Project/RFID_CRD/4. Implement/3. FW/Middlewares/ST/rfal/Src/rfal_nfcv.c:775:12:rfalNfcvPollerTransceiveReq	112	static
C:/WORK/EASYGROUP/Easy Electronic/Project/RFID_CRD/4. Implement/3. FW/Middlewares/ST/rfal/Src/rfal_nfcv.c:475:12:rfalNfcvPollerSelect	80	static
C:/WORK/EASYGROUP/Easy Electronic/Project/RFID_CRD/4. Implement/3. FW/Middlewares/ST/rfal/Src/rfal_nfcv.c:489:12:rfalNfcvPollerReadSingleBlock	40	static
C:/WORK/EASYGROUP/Easy Electronic/Project/RFID_CRD/4. Implement/3. FW/Middlewares/ST/rfal/Src/rfal_nfcv.c:499:12:rfalNfcvPollerWriteSingleBlock	128	static
C:/WORK/EASYGROUP/Easy Electronic/Project/RFID_CRD/4. Implement/3. FW/Middlewares/ST/rfal/Src/rfal_nfcv.c:523:12:rfalNfcvPollerLockBlock	80	static
C:/WORK/EASYGROUP/Easy Electronic/Project/RFID_CRD/4. Implement/3. FW/Middlewares/ST/rfal/Src/rfal_nfcv.c:535:12:rfalNfcvPollerReadMultipleBlocks	40	static
C:/WORK/EASYGROUP/Easy Electronic/Project/RFID_CRD/4. Implement/3. FW/Middlewares/ST/rfal/Src/rfal_nfcv.c:617:12:rfalNfcvPollerExtendedReadSingleBlock	40	static
C:/WORK/EASYGROUP/Easy Electronic/Project/RFID_CRD/4. Implement/3. FW/Middlewares/ST/rfal/Src/rfal_nfcv.c:633:12:rfalNfcvPollerExtendedWriteSingleBlock	128	static
C:/WORK/EASYGROUP/Easy Electronic/Project/RFID_CRD/4. Implement/3. FW/Middlewares/ST/rfal/Src/rfal_nfcv.c:658:12:rfalNfcvPollerExtendedLockSingleBlock	80	static
C:/WORK/EASYGROUP/Easy Electronic/Project/RFID_CRD/4. Implement/3. FW/Middlewares/ST/rfal/Src/rfal_nfcv.c:675:12:rfalNfcvPollerExtendedReadMultipleBlocks	40	static
C:/WORK/EASYGROUP/Easy Electronic/Project/RFID_CRD/4. Implement/3. FW/Middlewares/ST/rfal/Src/rfal_nfcv.c:763:12:rfalNfcvPollerGetSystemInformation	32	static
C:/WORK/EASYGROUP/Easy Electronic/Project/RFID_CRD/4. Implement/3. FW/Middlewares/ST/rfal/Src/rfal_nfcv.c:769:12:rfalNfcvPollerExtendedGetSystemInformation	32	static
