C:/WORK/EASYGROUP/Easy Electronic/Project/RFID_CRD/4. Implement/3. FW/Middlewares/ST/rfal/Src/rfal_st25xv.c:102:19:rfalST25xVPollerGenericReadConfiguration	80	static
C:/WORK/EASYGROUP/Easy Electronic/Project/RFID_CRD/4. Implement/3. FW/Middlewares/ST/rfal/Src/rfal_st25xv.c:132:19:rfalST25xVPollerGenericWriteConfiguration	80	static
C:/WORK/EASYGROUP/Easy Electronic/Project/RFID_CRD/4. Implement/3. FW/Middlewares/ST/rfal/Src/rfal_st25xv.c:149:19:rfalST25xVPollerGenericReadMessageLength	80	static
C:/WORK/EASYGROUP/Easy Electronic/Project/RFID_CRD/4. Implement/3. FW/Middlewares/ST/rfal/Src/rfal_st25xv.c:191:19:rfalST25xVPollerGenericWriteMessage	104	static
C:/WORK/EASYGROUP/Easy Electronic/Project/RFID_CRD/4. Implement/3. FW/Middlewares/ST/rfal/Src/rfal_st25xv.c:278:12:rfalST25xVPollerM24LRReadSingleBlock	40	static
C:/WORK/EASYGROUP/Easy Electronic/Project/RFID_CRD/4. Implement/3. FW/Middlewares/ST/rfal/Src/rfal_st25xv.c:293:12:rfalST25xVPollerM24LRWriteSingleBlock	128	static
C:/WORK/EASYGROUP/Easy Electronic/Project/RFID_CRD/4. Implement/3. FW/Middlewares/ST/rfal/Src/rfal_st25xv.c:318:12:rfalST25xVPollerM24LRReadMultipleBlocks	40	static
C:/WORK/EASYGROUP/Easy Electronic/Project/RFID_CRD/4. Implement/3. FW/Middlewares/ST/rfal/Src/rfal_st25xv.c:334:12:rfalST25xVPollerFastReadSingleBlock	40	static
C:/WORK/EASYGROUP/Easy Electronic/Project/RFID_CRD/4. Implement/3. FW/Middlewares/ST/rfal/Src/rfal_st25xv.c:344:12:rfalST25xVPollerM24LRFastReadSingleBlock	40	static
C:/WORK/EASYGROUP/Easy Electronic/Project/RFID_CRD/4. Implement/3. FW/Middlewares/ST/rfal/Src/rfal_st25xv.c:359:12:rfalST25xVPollerM24LRFastReadMultipleBlocks	40	static
C:/WORK/EASYGROUP/Easy Electronic/Project/RFID_CRD/4. Implement/3. FW/Middlewares/ST/rfal/Src/rfal_st25xv.c:375:12:rfalST25xVPollerFastReadMultipleBlocks	40	static
C:/WORK/EASYGROUP/Easy Electronic/Project/RFID_CRD/4. Implement/3. FW/Middlewares/ST/rfal/Src/rfal_st25xv.c:390:12:rfalST25xVPollerFastExtendedReadSingleBlock	40	static
C:/WORK/EASYGROUP/Easy Electronic/Project/RFID_CRD/4. Implement/3. FW/Middlewares/ST/rfal/Src/rfal_st25xv.c:405:12:rfalST25xVPollerFastExtReadMultipleBlocks	40	static
C:/WORK/EASYGROUP/Easy Electronic/Project/RFID_CRD/4. Implement/3. FW/Middlewares/ST/rfal/Src/rfal_st25xv.c:422:12:rfalST25xVPollerReadConfiguration	16	static
C:/WORK/EASYGROUP/Easy Electronic/Project/RFID_CRD/4. Implement/3. FW/Middlewares/ST/rfal/Src/rfal_st25xv.c:428:12:rfalST25xVPollerWriteConfiguration	16	static
C:/WORK/EASYGROUP/Easy Electronic/Project/RFID_CRD/4. Implement/3. FW/Middlewares/ST/rfal/Src/rfal_st25xv.c:434:12:rfalST25xVPollerReadDynamicConfiguration	16	static
C:/WORK/EASYGROUP/Easy Electronic/Project/RFID_CRD/4. Implement/3. FW/Middlewares/ST/rfal/Src/rfal_st25xv.c:440:12:rfalST25xVPollerWriteDynamicConfiguration	16	static
C:/WORK/EASYGROUP/Easy Electronic/Project/RFID_CRD/4. Implement/3. FW/Middlewares/ST/rfal/Src/rfal_st25xv.c:446:12:rfalST25xVPollerFastReadDynamicConfiguration	16	static
C:/WORK/EASYGROUP/Easy Electronic/Project/RFID_CRD/4. Implement/3. FW/Middlewares/ST/rfal/Src/rfal_st25xv.c:452:12:rfalST25xVPollerFastWriteDynamicConfiguration	16	static
C:/WORK/EASYGROUP/Easy Electronic/Project/RFID_CRD/4. Implement/3. FW/Middlewares/ST/rfal/Src/rfal_st25xv.c:458:12:rfalST25xVPollerPresentPassword	104	static
C:/WORK/EASYGROUP/Easy Electronic/Project/RFID_CRD/4. Implement/3. FW/Middlewares/ST/rfal/Src/rfal_st25xv.c:483:12:rfalST25xVPollerGetRandomNumber	48	static
C:/WORK/EASYGROUP/Easy Electronic/Project/RFID_CRD/4. Implement/3. FW/Middlewares/ST/rfal/Src/rfal_st25xv.c:494:12:rfalST25xVPollerWriteMessage	24	static
C:/WORK/EASYGROUP/Easy Electronic/Project/RFID_CRD/4. Implement/3. FW/Middlewares/ST/rfal/Src/rfal_st25xv.c:500:12:rfalST25xVPollerFastWriteMessage	24	static
C:/WORK/EASYGROUP/Easy Electronic/Project/RFID_CRD/4. Implement/3. FW/Middlewares/ST/rfal/Src/rfal_st25xv.c:506:12:rfalST25xVPollerReadMessageLength	0	static
C:/WORK/EASYGROUP/Easy Electronic/Project/RFID_CRD/4. Implement/3. FW/Middlewares/ST/rfal/Src/rfal_st25xv.c:512:12:rfalST25xVPollerFastReadMsgLength	0	static
C:/WORK/EASYGROUP/Easy Electronic/Project/RFID_CRD/4. Implement/3. FW/Middlewares/ST/rfal/Src/rfal_st25xv.c:518:12:rfalST25xVPollerReadMessage	40	static
C:/WORK/EASYGROUP/Easy Electronic/Project/RFID_CRD/4. Implement/3. FW/Middlewares/ST/rfal/Src/rfal_st25xv.c:524:12:rfalST25xVPollerFastReadMessage	40	static
