C:/WORK/EASYGROUP/Easy Electronic/Project/RFID_CRD/4. Implement/3. FW/Middlewares/ST/rfal/Src/rfal_t1t.c:128:12:rfalT1TPollerInitialize	8	static
C:/WORK/EASYGROUP/Easy Electronic/Project/RFID_CRD/4. Implement/3. FW/Middlewares/ST/rfal/Src/rfal_t1t.c:144:12:rfalT1TPollerRid	40	static
C:/WORK/EASYGROUP/Easy Electronic/Project/RFID_CRD/4. Implement/3. FW/Middlewares/ST/rfal/Src/rfal_t1t.c:172:12:rfalT1TPollerRall	32	static
C:/WORK/EASYGROUP/Easy Electronic/Project/RFID_CRD/4. Implement/3. FW/Middlewares/ST/rfal/Src/rfal_t1t.c:191:12:rfalT1TPollerWrite	40	static
