Archive member included to satisfy reference by file (symbol)

C:/ST/STM32CubeIDE_1.13.2/STM32CubeIDE/plugins/com.st.stm32cube.ide.mcu.externaltools.gnu-tools-for-stm32.11.3.rel1.win32_1.1.1.202309131626/tools/bin/../lib/gcc/arm-none-eabi/11.3.1/../../../../arm-none-eabi/lib/thumb/v7-m/nofp\libc_nano.a(libc_a-exit.o)
                              C:/ST/STM32CubeIDE_1.13.2/STM32CubeIDE/plugins/com.st.stm32cube.ide.mcu.externaltools.gnu-tools-for-stm32.11.3.rel1.win32_1.1.1.202309131626/tools/bin/../lib/gcc/arm-none-eabi/11.3.1/../../../../arm-none-eabi/lib/thumb/v7-m/nofp/crt0.o (exit)
C:/ST/STM32CubeIDE_1.13.2/STM32CubeIDE/plugins/com.st.stm32cube.ide.mcu.externaltools.gnu-tools-for-stm32.11.3.rel1.win32_1.1.1.202309131626/tools/bin/../lib/gcc/arm-none-eabi/11.3.1/../../../../arm-none-eabi/lib/thumb/v7-m/nofp\libc_nano.a(libc_a-findfp.o)
                              C:/ST/STM32CubeIDE_1.13.2/STM32CubeIDE/plugins/com.st.stm32cube.ide.mcu.externaltools.gnu-tools-for-stm32.11.3.rel1.win32_1.1.1.202309131626/tools/bin/../lib/gcc/arm-none-eabi/11.3.1/../../../../arm-none-eabi/lib/thumb/v7-m/nofp\libc_nano.a(libc_a-exit.o) (__stdio_exit_handler)
C:/ST/STM32CubeIDE_1.13.2/STM32CubeIDE/plugins/com.st.stm32cube.ide.mcu.externaltools.gnu-tools-for-stm32.11.3.rel1.win32_1.1.1.202309131626/tools/bin/../lib/gcc/arm-none-eabi/11.3.1/../../../../arm-none-eabi/lib/thumb/v7-m/nofp\libc_nano.a(libc_a-fwalk.o)
                              C:/ST/STM32CubeIDE_1.13.2/STM32CubeIDE/plugins/com.st.stm32cube.ide.mcu.externaltools.gnu-tools-for-stm32.11.3.rel1.win32_1.1.1.202309131626/tools/bin/../lib/gcc/arm-none-eabi/11.3.1/../../../../arm-none-eabi/lib/thumb/v7-m/nofp\libc_nano.a(libc_a-findfp.o) (_fwalk_sglue)
C:/ST/STM32CubeIDE_1.13.2/STM32CubeIDE/plugins/com.st.stm32cube.ide.mcu.externaltools.gnu-tools-for-stm32.11.3.rel1.win32_1.1.1.202309131626/tools/bin/../lib/gcc/arm-none-eabi/11.3.1/../../../../arm-none-eabi/lib/thumb/v7-m/nofp\libc_nano.a(libc_a-stdio.o)
                              C:/ST/STM32CubeIDE_1.13.2/STM32CubeIDE/plugins/com.st.stm32cube.ide.mcu.externaltools.gnu-tools-for-stm32.11.3.rel1.win32_1.1.1.202309131626/tools/bin/../lib/gcc/arm-none-eabi/11.3.1/../../../../arm-none-eabi/lib/thumb/v7-m/nofp\libc_nano.a(libc_a-findfp.o) (__sread)
C:/ST/STM32CubeIDE_1.13.2/STM32CubeIDE/plugins/com.st.stm32cube.ide.mcu.externaltools.gnu-tools-for-stm32.11.3.rel1.win32_1.1.1.202309131626/tools/bin/../lib/gcc/arm-none-eabi/11.3.1/../../../../arm-none-eabi/lib/thumb/v7-m/nofp\libc_nano.a(libc_a-vsnprintf.o)
                              ./Application/User/logger.o (vsnprintf)
C:/ST/STM32CubeIDE_1.13.2/STM32CubeIDE/plugins/com.st.stm32cube.ide.mcu.externaltools.gnu-tools-for-stm32.11.3.rel1.win32_1.1.1.202309131626/tools/bin/../lib/gcc/arm-none-eabi/11.3.1/../../../../arm-none-eabi/lib/thumb/v7-m/nofp\libc_nano.a(libc_a-memcmp.o)
                              ./Application/User/ndef_demo.o (memcmp)
C:/ST/STM32CubeIDE_1.13.2/STM32CubeIDE/plugins/com.st.stm32cube.ide.mcu.externaltools.gnu-tools-for-stm32.11.3.rel1.win32_1.1.1.202309131626/tools/bin/../lib/gcc/arm-none-eabi/11.3.1/../../../../arm-none-eabi/lib/thumb/v7-m/nofp\libc_nano.a(libc_a-memmove.o)
                              ./Middlewares/ST/RFAL/rfal_isoDep.o (memmove)
C:/ST/STM32CubeIDE_1.13.2/STM32CubeIDE/plugins/com.st.stm32cube.ide.mcu.externaltools.gnu-tools-for-stm32.11.3.rel1.win32_1.1.1.202309131626/tools/bin/../lib/gcc/arm-none-eabi/11.3.1/../../../../arm-none-eabi/lib/thumb/v7-m/nofp\libc_nano.a(libc_a-memset.o)
                              C:/ST/STM32CubeIDE_1.13.2/STM32CubeIDE/plugins/com.st.stm32cube.ide.mcu.externaltools.gnu-tools-for-stm32.11.3.rel1.win32_1.1.1.202309131626/tools/bin/../lib/gcc/arm-none-eabi/11.3.1/../../../../arm-none-eabi/lib/thumb/v7-m/nofp/crt0.o (memset)
C:/ST/STM32CubeIDE_1.13.2/STM32CubeIDE/plugins/com.st.stm32cube.ide.mcu.externaltools.gnu-tools-for-stm32.11.3.rel1.win32_1.1.1.202309131626/tools/bin/../lib/gcc/arm-none-eabi/11.3.1/../../../../arm-none-eabi/lib/thumb/v7-m/nofp\libc_nano.a(libc_a-closer.o)
                              C:/ST/STM32CubeIDE_1.13.2/STM32CubeIDE/plugins/com.st.stm32cube.ide.mcu.externaltools.gnu-tools-for-stm32.11.3.rel1.win32_1.1.1.202309131626/tools/bin/../lib/gcc/arm-none-eabi/11.3.1/../../../../arm-none-eabi/lib/thumb/v7-m/nofp\libc_nano.a(libc_a-stdio.o) (_close_r)
C:/ST/STM32CubeIDE_1.13.2/STM32CubeIDE/plugins/com.st.stm32cube.ide.mcu.externaltools.gnu-tools-for-stm32.11.3.rel1.win32_1.1.1.202309131626/tools/bin/../lib/gcc/arm-none-eabi/11.3.1/../../../../arm-none-eabi/lib/thumb/v7-m/nofp\libc_nano.a(libc_a-reent.o)
                              C:/ST/STM32CubeIDE_1.13.2/STM32CubeIDE/plugins/com.st.stm32cube.ide.mcu.externaltools.gnu-tools-for-stm32.11.3.rel1.win32_1.1.1.202309131626/tools/bin/../lib/gcc/arm-none-eabi/11.3.1/../../../../arm-none-eabi/lib/thumb/v7-m/nofp\libc_nano.a(libc_a-closer.o) (errno)
[...]
Memory Configuration

Name             Origin             Length             Attributes
FLASH            0x0000000008000000 0x0000000000020000 xr
RAM              0x0000000020000000 0x0000000000005000 xrw
*default*        0x0000000000000000 0xffffffffffffffff

Linker script and memory map

LOAD C:/ST/STM32CubeIDE_1.13.2/STM32CubeIDE/plugins/com.st.stm32cube.ide.mcu.externaltools.gnu-tools-for-stm32.11.3.rel1.win32_1.1.1.202309131626/tools/bin/../lib/gcc/arm-none-eabi/11.3.1/thumb/v7-m/nofp/crti.o
LOAD C:/ST/STM32CubeIDE_1.13.2/STM32CubeIDE/plugins/com.st.stm32cube.ide.mcu.externaltools.gnu-tools-for-stm32.11.3.rel1.win32_1.1.1.202309131626/tools/bin/../lib/gcc/arm-none-eabi/11.3.1/thumb/v7-m/nofp/crtbegin.o
LOAD C:/ST/STM32CubeIDE_1.13.2/STM32CubeIDE/plugins/com.st.stm32cube.ide.mcu.externaltools.gnu-tools-for-stm32.11.3.rel1.win32_1.1.1.202309131626/tools/bin/../lib/gcc/arm-none-eabi/11.3.1/../../../../arm-none-eabi/lib/thumb/v7-m/nofp/crt0.o
LOAD ./Application/SW4STM32/startup_stm32f103xb.o
LOAD ./Application/SW4STM32/syscalls.o
LOAD ./Application/User/logger.o
LOAD ./Application/User/main.o
LOAD ./Application/User/ndef_demo.o
LOAD ./Application/User/ndef_dump.o
LOAD ./Application/User/stm32f1xx_hal_msp.o
LOAD ./Application/User/stm32f1xx_it.o
LOAD ./Drivers/BSP/Components/st25r95.o
LOAD ./Drivers/BSP/Components/st25r95_com.o
LOAD ./Drivers/BSP/Components/st25r95_com_spi.o
LOAD ./Drivers/BSP/Components/st25r95_com_uart.o
LOAD ./Drivers/BSP/Components/timer.o
LOAD ./Drivers/CMSIS/system_stm32f1xx.o
LOAD ./Drivers/STM32F1xx_HAL_Driver/stm32f1xx_hal.o
LOAD ./Drivers/STM32F1xx_HAL_Driver/stm32f1xx_hal_adc.o
LOAD ./Drivers/STM32F1xx_HAL_Driver/stm32f1xx_hal_adc_ex.o
LOAD ./Drivers/STM32F1xx_HAL_Driver/stm32f1xx_hal_cortex.o
LOAD ./Drivers/STM32F1xx_HAL_Driver/stm32f1xx_hal_crc.o
LOAD ./Drivers/STM32F1xx_HAL_Driver/stm32f1xx_hal_dma.o
LOAD ./Drivers/STM32F1xx_HAL_Driver/stm32f1xx_hal_flash.o
LOAD ./Drivers/STM32F1xx_HAL_Driver/stm32f1xx_hal_flash_ex.o
LOAD ./Drivers/STM32F1xx_HAL_Driver/stm32f1xx_hal_gpio.o
LOAD ./Drivers/STM32F1xx_HAL_Driver/stm32f1xx_hal_gpio_ex.o
LOAD ./Drivers/STM32F1xx_HAL_Driver/stm32f1xx_hal_i2c.o
LOAD ./Drivers/STM32F1xx_HAL_Driver/stm32f1xx_hal_pcd.o
LOAD ./Drivers/STM32F1xx_HAL_Driver/stm32f1xx_hal_pcd_ex.o
LOAD ./Drivers/STM32F1xx_HAL_Driver/stm32f1xx_hal_pwr.o
LOAD ./Drivers/STM32F1xx_HAL_Driver/stm32f1xx_hal_rcc.o
LOAD ./Drivers/STM32F1xx_HAL_Driver/stm32f1xx_hal_rcc_ex.o
LOAD ./Drivers/STM32F1xx_HAL_Driver/stm32f1xx_hal_spi.o
LOAD ./Drivers/STM32F1xx_HAL_Driver/stm32f1xx_hal_spi_ex.o
LOAD ./Drivers/STM32F1xx_HAL_Driver/stm32f1xx_hal_tim.o
LOAD ./Drivers/STM32F1xx_HAL_Driver/stm32f1xx_hal_tim_ex.o
LOAD ./Drivers/STM32F1xx_HAL_Driver/stm32f1xx_hal_uart.o
LOAD ./Drivers/STM32F1xx_HAL_Driver/stm32f1xx_hal_usart.o
LOAD ./Middlewares/ST/NDEF/ndef_message.o
LOAD ./Middlewares/ST/NDEF/ndef_poller.o
LOAD ./Middlewares/ST/NDEF/ndef_record.o
LOAD ./Middlewares/ST/NDEF/ndef_t2t.o
LOAD ./Middlewares/ST/NDEF/ndef_t3t.o
LOAD ./Middlewares/ST/NDEF/ndef_t4t.o
LOAD ./Middlewares/ST/NDEF/ndef_t5t.o
LOAD ./Middlewares/ST/NDEF/ndef_type_wifi.o
LOAD ./Middlewares/ST/NDEF/ndef_types.o
LOAD ./Middlewares/ST/NDEF/ndef_types_mime.o
LOAD ./Middlewares/ST/NDEF/ndef_types_rtd.o
LOAD ./Middlewares/ST/RFAL/rfal_analogConfig.o
LOAD ./Middlewares/ST/RFAL/rfal_crc.o
LOAD ./Middlewares/ST/RFAL/rfal_isoDep.o
LOAD ./Middlewares/ST/RFAL/rfal_nfc.o
LOAD ./Middlewares/ST/RFAL/rfal_nfcDep.o
LOAD ./Middlewares/ST/RFAL/rfal_nfca.o
LOAD ./Middlewares/ST/RFAL/rfal_nfcb.o
LOAD ./Middlewares/ST/RFAL/rfal_nfcf.o
LOAD ./Middlewares/ST/RFAL/rfal_nfcv.o
LOAD ./Middlewares/ST/RFAL/rfal_rfst25r95.o
LOAD ./Middlewares/ST/RFAL/rfal_st25tb.o
LOAD ./Middlewares/ST/RFAL/rfal_st25xv.o
LOAD ./Middlewares/ST/RFAL/rfal_t1t.o
LOAD ./Middlewares/ST/RFAL/rfal_t2t.o
LOAD ./Middlewares/ST/RFAL/rfal_t4t.o
START GROUP
LOAD C:/ST/STM32CubeIDE_1.13.2/STM32CubeIDE/plugins/com.st.stm32cube.ide.mcu.externaltools.gnu-tools-for-stm32.11.3.rel1.win32_1.1.1.202309131626/tools/bin/../lib/gcc/arm-none-eabi/11.3.1/../../../../arm-none-eabi/lib/thumb/v7-m/nofp\libc_nano.a
LOAD C:/ST/STM32CubeIDE_1.13.2/STM32CubeIDE/plugins/com.st.stm32cube.ide.mcu.externaltools.gnu-tools-for-stm32.11.3.rel1.win32_1.1.1.202309131626/tools/bin/../lib/gcc/arm-none-eabi/11.3.1/../../../../arm-none-eabi/lib/thumb/v7-m/nofp\libm.a
END GROUP
START GROUP
LOAD C:/ST/STM32CubeIDE_1.13.2/STM32CubeIDE/plugins/com.st.stm32cube.ide.mcu.externaltools.gnu-tools-for-stm32.11.3.rel1.win32_1.1.1.202309131626/tools/bin/../lib/gcc/arm-none-eabi/11.3.1/thumb/v7-m/nofp\libgcc.a
LOAD C:/ST/STM32CubeIDE_1.13.2/STM32CubeIDE/plugins/com.st.stm32cube.ide.mcu.externaltools.gnu-tools-for-stm32.11.3.rel1.win32_1.1.1.202309131626/tools/bin/../lib/gcc/arm-none-eabi/11.3.1/../../../../arm-none-eabi/lib/thumb/v7-m/nofp\libc_nano.a
END GROUP
START GROUP
LOAD C:/ST/STM32CubeIDE_1.13.2/STM32CubeIDE/plugins/com.st.stm32cube.ide.mcu.externaltools.gnu-tools-for-stm32.11.3.rel1.win32_1.1.1.202309131626/tools/bin/../lib/gcc/arm-none-eabi/11.3.1/thumb/v7-m/nofp\libgcc.a
LOAD C:/ST/STM32CubeIDE_1.13.2/STM32CubeIDE/plugins/com.st.stm32cube.ide.mcu.externaltools.gnu-tools-for-stm32.11.3.rel1.win32_1.1.1.202309131626/tools/bin/../lib/gcc/arm-none-eabi/11.3.1/../../../../arm-none-eabi/lib/thumb/v7-m/nofp\libc_nano.a
LOAD C:/ST/STM32CubeIDE_1.13.2/STM32CubeIDE/plugins/com.st.stm32cube.ide.mcu.externaltools.gnu-tools-for-stm32.11.3.rel1.win32_1.1.1.202309131626/tools/bin/../lib/gcc/arm-none-eabi/11.3.1/../../../../arm-none-eabi/lib/thumb/v7-m/nofp\libnosys.a
END GROUP
START GROUP
LOAD C:/ST/STM32CubeIDE_1.13.2/STM32CubeIDE/plugins/com.st.stm32cube.ide.mcu.externaltools.gnu-tools-for-stm32.11.3.rel1.win32_1.1.1.202309131626/tools/bin/../lib/gcc/arm-none-eabi/11.3.1/thumb/v7-m/nofp\libgcc.a
LOAD C:/ST/STM32CubeIDE_1.13.2/STM32CubeIDE/plugins/com.st.stm32cube.ide.mcu.externaltools.gnu-tools-for-stm32.11.3.rel1.win32_1.1.1.202309131626/tools/bin/../lib/gcc/arm-none-eabi/11.3.1/../../../../arm-none-eabi/lib/thumb/v7-m/nofp\libc_nano.a
LOAD C:/ST/STM32CubeIDE_1.13.2/STM32CubeIDE/plugins/com.st.stm32cube.ide.mcu.externaltools.gnu-tools-for-stm32.11.3.rel1.win32_1.1.1.202309131626/tools/bin/../lib/gcc/arm-none-eabi/11.3.1/../../../../arm-none-eabi/lib/thumb/v7-m/nofp\libnosys.a
END GROUP
LOAD C:/ST/STM32CubeIDE_1.13.2/STM32CubeIDE/plugins/com.st.stm32cube.ide.mcu.externaltools.gnu-tools-for-stm32.11.3.rel1.win32_1.1.1.202309131626/tools/bin/../lib/gcc/arm-none-eabi/11.3.1/thumb/v7-m/nofp/crtend.o
LOAD C:/ST/STM32CubeIDE_1.13.2/STM32CubeIDE/plugins/com.st.stm32cube.ide.mcu.externaltools.gnu-tools-for-stm32.11.3.rel1.win32_1.1.1.202309131626/tools/bin/../lib/gcc/arm-none-eabi/11.3.1/thumb/v7-m/nofp/crtn.o
                0x0000000020005000                _estack = 0x20005000
                0x0000000000000400                _Min_Heap_Size = 0x400
                0x0000000000001000                _Min_Stack_Size = 0x1000

.isr_vector     0x0000000008000000      0x10c
                0x0000000008000000                . = ALIGN (0x4)
 *(.isr_vector)
 .isr_vector    0x0000000008000000      0x10c ./Application/SW4STM32/startup_stm32f103xb.o
                0x0000000008000000                g_pfnVectors
                0x000000000800010c                . = ALIGN (0x4)

.text           0x000000000800010c     0xbbec
                0x000000000800010c                . = ALIGN (0x4)
 *(.text)
 .text          0x000000000800010c       0x40 C:/ST/STM32CubeIDE_1.13.2/STM32CubeIDE/plugins/com.st.stm32cube.ide.mcu.externaltools.gnu-tools-for-stm32.11.3.rel1.win32_1.1.1.202309131626/tools/bin/../lib/gcc/arm-none-eabi/11.3.1/thumb/v7-m/nofp/crtbegin.o
 .text          0x000000000800014c       0x14 C:/ST/STM32CubeIDE_1.13.2/STM32CubeIDE/plugins/com.st.stm32cube.ide.mcu.externaltools.gnu-tools-for-stm32.11.3.rel1.win32_1.1.1.202309131626/tools/bin/../lib/gcc/arm-none-eabi/11.3.1/../../../../arm-none-eabi/lib/thumb/v7-m/nofp\libc_nano.a(libc_a-strcmp.o)
                0x000000000800014c                strcmp
 .text          0x0000000008000160       0x10 C:/ST/STM32CubeIDE_1.13.2/STM32CubeIDE/plugins/com.st.stm32cube.ide.mcu.externaltools.gnu-tools-for-stm32.11.3.rel1.win32_1.1.1.202309131626/tools/bin/../lib/gcc/arm-none-eabi/11.3.1/../../../../arm-none-eabi/lib/thumb/v7-m/nofp\libc_nano.a(libc_a-strlen.o)
                0x0000000008000160                strlen
 *(.text*)
 .text.Reset_Handler
                0x0000000008000170       0x48 ./Application/SW4STM32/startup_stm32f103xb.o
                0x0000000008000170                Reset_Handler
 .text.Default_Handler
                0x00000000080001b8        0x2 ./Application/SW4STM32/startup_stm32f103xb.o
                0x00000000080001b8                RTC_Alarm_IRQHandler
                0x00000000080001b8                EXTI2_IRQHandler
                0x00000000080001b8                DebugMon_Handler
                0x00000000080001b8                TIM1_CC_IRQHandler
                0x00000000080001b8                HardFault_Handler
                0x00000000080001b8                PVD_IRQHandler
                0x00000000080001b8                PendSV_Handler
                0x00000000080001b8                NMI_Handler
                0x00000000080001b8                EXTI3_IRQHandler
                0x00000000080001b8                EXTI0_IRQHandler
                0x00000000080001b8                I2C2_EV_IRQHandler
                0x00000000080001b8                UsageFault_Handler
                0x00000000080001b8                ADC1_2_IRQHandler
                0x00000000080001b8                SPI1_IRQHandler
                0x00000000080001b8                TAMPER_IRQHandler
                0x00000000080001b8                DMA1_Channel4_IRQHandler
                0x00000000080001b8                USART3_IRQHandler
                0x00000000080001b8                RTC_IRQHandler
                0x00000000080001b8                DMA1_Channel7_IRQHandler
                0x00000000080001b8                CAN1_RX1_IRQHandler
                0x00000000080001b8                TIM4_IRQHandler
                0x00000000080001b8                I2C1_EV_IRQHandler
                0x00000000080001b8                DMA1_Channel6_IRQHandler
                0x00000000080001b8                TIM3_IRQHandler
                0x00000000080001b8                RCC_IRQHandler
                0x00000000080001b8                TIM1_TRG_COM_IRQHandler
                0x00000000080001b8                DMA1_Channel1_IRQHandler
                0x00000000080001b8                Default_Handler
                0x00000000080001b8                EXTI15_10_IRQHandler
                0x00000000080001b8                EXTI9_5_IRQHandler
                0x00000000080001b8                SPI2_IRQHandler
                0x00000000080001b8                MemManage_Handler
                0x00000000080001b8                SVC_Handler
                0x00000000080001b8                DMA1_Channel5_IRQHandler
                0x00000000080001b8                EXTI4_IRQHandler
                0x00000000080001b8                USB_LP_CAN1_RX0_IRQHandler
                0x00000000080001b8                USB_HP_CAN1_TX_IRQHandler
                0x00000000080001b8                DMA1_Channel3_IRQHandler
                0x00000000080001b8                TIM1_UP_IRQHandler
                0x00000000080001b8                WWDG_IRQHandler
                0x00000000080001b8                TIM2_IRQHandler
                0x00000000080001b8                TIM1_BRK_IRQHandler
                0x00000000080001b8                EXTI1_IRQHandler
                0x00000000080001b8                USART2_IRQHandler
                0x00000000080001b8                I2C2_ER_IRQHandler
                0x00000000080001b8                DMA1_Channel2_IRQHandler
                0x00000000080001b8                CAN1_SCE_IRQHandler
                0x00000000080001b8                FLASH_IRQHandler
                0x00000000080001b8                BusFault_Handler
                0x00000000080001b8                USART1_IRQHandler
                0x00000000080001b8                I2C1_ER_IRQHandler
                0x00000000080001b8                USBWakeUp_IRQHandler
 *fill*         0x00000000080001ba        0x2 
 .text._sbrk    0x00000000080001bc       0x34 ./Application/SW4STM32/syscalls.o
                0x00000000080001bc                _sbrk
 .text.logUsartInit
                0x00000000080001f0        0xc ./Application/User/logger.o
                0x00000000080001f0                logUsartInit
 .text.logUsartTx
                0x00000000080001fc       0x24 ./Application/User/logger.o
                0x00000000080001fc                logUsartTx
 .text.logUsart
                0x0000000008000220       0x34 ./Application/User/logger.o
                0x0000000008000220                logUsart
 .text.hex2Str  0x0000000008000254       0x90 ./Application/User/logger.o
                0x0000000008000254                hex2Str
 .text.startup.main
                0x00000000080002e4      0x2bc ./Application/User/main.o
                0x00000000080002e4                main
 .text.ledsOn   0x00000000080005a0       0x3c ./Application/User/ndef_demo.o
 .text.ledsOff  0x00000000080005dc       0x3c ./Application/User/ndef_demo.o
 .text.LedNotificationWriteDone
                0x0000000008000618       0x1e ./Application/User/ndef_demo.o
 *fill*         0x0000000008000636        0x2 
 .text.demoNdef
                0x0000000008000638      0x260 ./Application/User/ndef_demo.o
 .text.demoIni  0x0000000008000898       0xc0 ./Application/User/ndef_demo.o
                0x0000000008000898                demoIni
 .text.demoTransceiveBlocking
                0x0000000008000958       0x1c ./Application/User/ndef_demo.o
                0x0000000008000958                demoTransceiveBlocking
 .text.demoP2P  0x0000000008000974      0x130 ./Application/User/ndef_demo.o
 .text.demoCycle
                0x0000000008000aa4      0x430 ./Application/User/ndef_demo.o
                0x0000000008000aa4                demoCycle
 .text.ndefEmptyTypeDump
                0x0000000008000ed4       0x1c ./Application/User/ndef_dump.o
                0x0000000008000ed4                ndefEmptyTypeDump
 .text.ndefRtdDeviceInfoDump
                0x0000000008000ef0       0xa8 ./Application/User/ndef_dump.o
                0x0000000008000ef0                ndefRtdDeviceInfoDump
 .text.ndefTypeDump
                0x0000000008000f98       0x2c ./Application/User/ndef_dump.o
                0x0000000008000f98                ndefTypeDump
 .text.ndefRecordDumpType
                0x0000000008000fc4       0x18 ./Application/User/ndef_dump.o
                0x0000000008000fc4                ndefRecordDumpType
 .text.ndefBufferDump
                0x0000000008000fdc      0x110 ./Application/User/ndef_dump.o
                0x0000000008000fdc                ndefBufferDump
 .text.ndefMediaWifiDump
                0x00000000080010ec       0x60 ./Application/User/ndef_dump.o
                0x00000000080010ec                ndefMediaWifiDump
 .text.ndefBufferPrint
                0x000000000800114c       0x48 ./Application/User/ndef_dump.o
                0x000000000800114c                ndefBufferPrint
 .text.ndefRtdUriDump
                0x0000000008001194       0x44 ./Application/User/ndef_dump.o
                0x0000000008001194                ndefRtdUriDump
 .text.ndefRtdAarDump
                0x00000000080011d8       0x30 ./Application/User/ndef_dump.o
                0x00000000080011d8                ndefRtdAarDump
 .text.ndefMediaVCardDump
                0x0000000008001208       0xf4 ./Application/User/ndef_dump.o
                0x0000000008001208                ndefMediaVCardDump
 .text.ndefBuffer8Print
                0x00000000080012fc       0x1c ./Application/User/ndef_dump.o
                0x00000000080012fc                ndefBuffer8Print
 .text.ndefRecordDump
                0x0000000008001318      0x120 ./Application/User/ndef_dump.o
                0x0000000008001318                ndefRecordDump
 .text.ndefMessageDump
                0x0000000008001438       0x38 ./Application/User/ndef_dump.o
                0x0000000008001438                ndefMessageDump
 .text.ndefRtdTextDump
                0x0000000008001470       0x68 ./Application/User/ndef_dump.o
                0x0000000008001470                ndefRtdTextDump
 .text.HAL_MspInit
                0x00000000080014d8       0x8c ./Application/User/stm32f1xx_hal_msp.o
                0x00000000080014d8                HAL_MspInit
 .text.HAL_SPI_MspInit
                0x0000000008001564       0x48 ./Application/User/stm32f1xx_hal_msp.o
                0x0000000008001564                HAL_SPI_MspInit
 .text.HAL_UART_MspInit
                0x00000000080015ac       0x5c ./Application/User/stm32f1xx_hal_msp.o
                0x00000000080015ac                HAL_UART_MspInit
 .text.SysTick_Handler
                0x0000000008001608        0xe ./Application/User/stm32f1xx_it.o
                0x0000000008001608                SysTick_Handler
 *fill*         0x0000000008001616        0x2 
 .text.st25r95SPI_nIRQ_IN_Pulse
                0x0000000008001618       0x44 ./Drivers/BSP/Components/st25r95.o
                0x0000000008001618                st25r95SPI_nIRQ_IN_Pulse
 .text.st25r95SPIResetChip
                0x000000000800165c       0x48 ./Drivers/BSP/Components/st25r95.o
                0x000000000800165c                st25r95SPIResetChip
 .text.st25r95Initialize
                0x00000000080016a4       0x2a ./Drivers/BSP/Components/st25r95.o
                0x00000000080016a4                st25r95Initialize
 .text.st25r95FieldOn
                0x00000000080016ce        0xc ./Drivers/BSP/Components/st25r95.o
                0x00000000080016ce                st25r95FieldOn
 .text.st25r95FieldOff
                0x00000000080016da        0x6 ./Drivers/BSP/Components/st25r95.o
                0x00000000080016da                st25r95FieldOff
 .text.st25r95CheckChipID
                0x00000000080016e0       0x38 ./Drivers/BSP/Components/st25r95_com.o
                0x00000000080016e0                st25r95CheckChipID
 .text.st25r95ProtocolSelect
                0x0000000008001718       0x60 ./Drivers/BSP/Components/st25r95_com.o
                0x0000000008001718                st25r95ProtocolSelect
 .text.st25r95SetBitRate
                0x0000000008001778       0xe0 ./Drivers/BSP/Components/st25r95_com.o
                0x0000000008001778                st25r95SetBitRate
 .text.st25r95SetFWT
                0x0000000008001858      0x12c ./Drivers/BSP/Components/st25r95_com.o
                0x0000000008001858                st25r95SetFWT
 .text.st25r95SetSlotCounter
                0x0000000008001984       0x28 ./Drivers/BSP/Components/st25r95_com.o
                0x0000000008001984                st25r95SetSlotCounter
 .text.st25r95WriteReg
                0x00000000080019ac       0x5c ./Drivers/BSP/Components/st25r95_com.o
                0x00000000080019ac                st25r95WriteReg
 .text.st25r95CalibrateTagDetector
                0x0000000008001a08       0xd8 ./Drivers/BSP/Components/st25r95_com.o
                0x0000000008001a08                st25r95CalibrateTagDetector
 .text.st25r95ReadReg
                0x0000000008001ae0       0x58 ./Drivers/BSP/Components/st25r95_com.o
                0x0000000008001ae0                st25r95ReadReg
 .text.st25r95SPIRxTx
                0x0000000008001b38       0x48 ./Drivers/BSP/Components/st25r95_com_spi.o
                0x0000000008001b38                st25r95SPIRxTx
 .text.st25r95SPISendReceiveByte
                0x0000000008001b80       0x2c ./Drivers/BSP/Components/st25r95_com_spi.o
                0x0000000008001b80                st25r95SPISendReceiveByte
 .text.st25r95SPIPollRead
                0x0000000008001bac       0x40 ./Drivers/BSP/Components/st25r95_com_spi.o
                0x0000000008001bac                st25r95SPIPollRead
 .text.st25r95SPIPollSend
                0x0000000008001bec       0x34 ./Drivers/BSP/Components/st25r95_com_spi.o
                0x0000000008001bec                st25r95SPIPollSend
 .text.st25r95SPISendCommandTypeAndLen
                0x0000000008001c20       0xd4 ./Drivers/BSP/Components/st25r95_com_spi.o
                0x0000000008001c20                st25r95SPISendCommandTypeAndLen
 .text.st25r95SPICommandEcho
                0x0000000008001cf4       0x7c ./Drivers/BSP/Components/st25r95_com_spi.o
                0x0000000008001cf4                st25r95SPICommandEcho
 .text.st25r95SPISendData
                0x0000000008001d70       0x74 ./Drivers/BSP/Components/st25r95_com_spi.o
                0x0000000008001d70                st25r95SPISendData
 .text.st25r95SPISendTransmitFlag
                0x0000000008001de4       0x24 ./Drivers/BSP/Components/st25r95_com_spi.o
                0x0000000008001de4                st25r95SPISendTransmitFlag
 .text.st25r95SPIPrepareRx
                0x0000000008001e08       0x30 ./Drivers/BSP/Components/st25r95_com_spi.o
                0x0000000008001e08                st25r95SPIPrepareRx
 .text.st25r95SPICompleteRx
                0x0000000008001e38      0x280 ./Drivers/BSP/Components/st25r95_com_spi.o
                0x0000000008001e38                st25r95SPICompleteRx
 .text.st25r95SPIIsTransmitCompleted
                0x00000000080020b8        0x4 ./Drivers/BSP/Components/st25r95_com_spi.o
                0x00000000080020b8                st25r95SPIIsTransmitCompleted
 .text.st25r95SPIIdle
                0x00000000080020bc       0x40 ./Drivers/BSP/Components/st25r95_com_spi.o
                0x00000000080020bc                st25r95SPIIdle
 .text.st25r95SPIGetIdleResponse
                0x00000000080020fc       0x58 ./Drivers/BSP/Components/st25r95_com_spi.o
                0x00000000080020fc                st25r95SPIGetIdleResponse
 .text.st25r95SPIKillIdle
                0x0000000008002154       0x18 ./Drivers/BSP/Components/st25r95_com_spi.o
                0x0000000008002154                st25r95SPIKillIdle
 .text.timerCalculateTimer
                0x000000000800216c        0xc ./Drivers/BSP/Components/timer.o
                0x000000000800216c                timerCalculateTimer
 .text.timerIsExpired
                0x0000000008002178        0xe ./Drivers/BSP/Components/timer.o
                0x0000000008002178                timerIsExpired
 *fill*         0x0000000008002186        0x2 
 .text.SystemInit
                0x0000000008002188       0x4c ./Drivers/CMSIS/system_stm32f1xx.o
                0x0000000008002188                SystemInit
 .text.HAL_InitTick
                0x00000000080021d4       0x28 ./Drivers/STM32F1xx_HAL_Driver/stm32f1xx_hal.o
                0x00000000080021d4                HAL_InitTick
 .text.HAL_Init
                0x00000000080021fc       0x24 ./Drivers/STM32F1xx_HAL_Driver/stm32f1xx_hal.o
                0x00000000080021fc                HAL_Init
 .text.HAL_IncTick
                0x0000000008002220       0x10 ./Drivers/STM32F1xx_HAL_Driver/stm32f1xx_hal.o
                0x0000000008002220                HAL_IncTick
 .text.HAL_GetTick
                0x0000000008002230        0xc ./Drivers/STM32F1xx_HAL_Driver/stm32f1xx_hal.o
                0x0000000008002230                HAL_GetTick
 .text.HAL_Delay
                0x000000000800223c       0x20 ./Drivers/STM32F1xx_HAL_Driver/stm32f1xx_hal.o
                0x000000000800223c                HAL_Delay
 .text.HAL_NVIC_SetPriorityGrouping
                0x000000000800225c       0x24 ./Drivers/STM32F1xx_HAL_Driver/stm32f1xx_hal_cortex.o
                0x000000000800225c                HAL_NVIC_SetPriorityGrouping
 .text.HAL_NVIC_SetPriority
                0x0000000008002280       0x60 ./Drivers/STM32F1xx_HAL_Driver/stm32f1xx_hal_cortex.o
                0x0000000008002280                HAL_NVIC_SetPriority
 .text.HAL_SYSTICK_Config
                0x00000000080022e0       0x28 ./Drivers/STM32F1xx_HAL_Driver/stm32f1xx_hal_cortex.o
                0x00000000080022e0                HAL_SYSTICK_Config
 .text.HAL_SYSTICK_Callback
                0x0000000008002308        0x2 ./Drivers/STM32F1xx_HAL_Driver/stm32f1xx_hal_cortex.o
                0x0000000008002308                HAL_SYSTICK_Callback
 .text.HAL_SYSTICK_IRQHandler
                0x000000000800230a        0x8 ./Drivers/STM32F1xx_HAL_Driver/stm32f1xx_hal_cortex.o
                0x000000000800230a                HAL_SYSTICK_IRQHandler
 *fill*         0x0000000008002312        0x2 
 .text.HAL_GPIO_Init
                0x0000000008002314      0x1b4 ./Drivers/STM32F1xx_HAL_Driver/stm32f1xx_hal_gpio.o
                0x0000000008002314                HAL_GPIO_Init
 .text.HAL_GPIO_ReadPin
                0x00000000080024c8        0xc ./Drivers/STM32F1xx_HAL_Driver/stm32f1xx_hal_gpio.o
                0x00000000080024c8                HAL_GPIO_ReadPin
 .text.HAL_GPIO_WritePin
                0x00000000080024d4        0xa ./Drivers/STM32F1xx_HAL_Driver/stm32f1xx_hal_gpio.o
                0x00000000080024d4                HAL_GPIO_WritePin
 .text.HAL_GPIO_TogglePin
                0x00000000080024de        0x8 ./Drivers/STM32F1xx_HAL_Driver/stm32f1xx_hal_gpio.o
                0x00000000080024de                HAL_GPIO_TogglePin
 *fill*         0x00000000080024e6        0x2 
 .text.HAL_RCC_OscConfig
                0x00000000080024e8      0x31c ./Drivers/STM32F1xx_HAL_Driver/stm32f1xx_hal_rcc.o
                0x00000000080024e8                HAL_RCC_OscConfig
 .text.HAL_RCC_GetSysClockFreq
                0x0000000008002804       0x78 ./Drivers/STM32F1xx_HAL_Driver/stm32f1xx_hal_rcc.o
                0x0000000008002804                HAL_RCC_GetSysClockFreq
 .text.HAL_RCC_ClockConfig
                0x000000000800287c      0x144 ./Drivers/STM32F1xx_HAL_Driver/stm32f1xx_hal_rcc.o
                0x000000000800287c                HAL_RCC_ClockConfig
 .text.HAL_RCC_GetPCLK1Freq
                0x00000000080029c0       0x20 ./Drivers/STM32F1xx_HAL_Driver/stm32f1xx_hal_rcc.o
                0x00000000080029c0                HAL_RCC_GetPCLK1Freq
 .text.HAL_RCC_GetPCLK2Freq
                0x00000000080029e0       0x20 ./Drivers/STM32F1xx_HAL_Driver/stm32f1xx_hal_rcc.o
                0x00000000080029e0                HAL_RCC_GetPCLK2Freq
 .text.SPI_WaitFlagStateUntilTimeout
                0x0000000008002a00       0x8c ./Drivers/STM32F1xx_HAL_Driver/stm32f1xx_hal_spi.o
 .text.SPI_CheckFlag_BSY
                0x0000000008002a8c       0x20 ./Drivers/STM32F1xx_HAL_Driver/stm32f1xx_hal_spi.o
 .text.HAL_SPI_TransmitReceive
                0x0000000008002aac      0x2b4 ./Drivers/STM32F1xx_HAL_Driver/stm32f1xx_hal_spi.o
                0x0000000008002aac                HAL_SPI_TransmitReceive
 .text.HAL_SPI_Init
                0x0000000008002d60       0x7c ./Drivers/STM32F1xx_HAL_Driver/stm32f1xx_hal_spi_ex.o
                0x0000000008002d60                HAL_SPI_Init
 .text.SPI_ISCRCErrorValid
                0x0000000008002ddc        0x4 ./Drivers/STM32F1xx_HAL_Driver/stm32f1xx_hal_spi_ex.o
                0x0000000008002ddc                SPI_ISCRCErrorValid
 .text.UART_SetConfig
                0x0000000008002de0      0x138 ./Drivers/STM32F1xx_HAL_Driver/stm32f1xx_hal_uart.o
 .text.UART_WaitOnFlagUntilTimeout.constprop.0
                0x0000000008002f18       0x50 ./Drivers/STM32F1xx_HAL_Driver/stm32f1xx_hal_uart.o
 .text.HAL_UART_Init
                0x0000000008002f68       0x5c ./Drivers/STM32F1xx_HAL_Driver/stm32f1xx_hal_uart.o
                0x0000000008002f68                HAL_UART_Init
 .text.HAL_UART_Transmit
                0x0000000008002fc4       0xb6 ./Drivers/STM32F1xx_HAL_Driver/stm32f1xx_hal_uart.o
                0x0000000008002fc4                HAL_UART_Transmit
 *fill*         0x000000000800307a        0x2 
 .text.ndefMessageInit
                0x000000000800307c       0x1c ./Middlewares/ST/NDEF/ndef_message.o
                0x000000000800307c                ndefMessageInit
 .text.ndefMessageGetInfo
                0x0000000008003098       0x2a ./Middlewares/ST/NDEF/ndef_message.o
                0x0000000008003098                ndefMessageGetInfo
 .text.ndefMessageAppend
                0x00000000080030c2       0x52 ./Middlewares/ST/NDEF/ndef_message.o
                0x00000000080030c2                ndefMessageAppend
 .text.ndefMessageDecode
                0x0000000008003114       0x88 ./Middlewares/ST/NDEF/ndef_message.o
                0x0000000008003114                ndefMessageDecode
 .text.ndefMessageEncode
                0x000000000800319c       0x60 ./Middlewares/ST/NDEF/ndef_message.o
                0x000000000800319c                ndefMessageEncode
 .text.ndefPollerContextInitialization
                0x00000000080031fc       0x50 ./Middlewares/ST/NDEF/ndef_poller.o
                0x00000000080031fc                ndefPollerContextInitialization
 .text.ndefPollerNdefDetect
                0x000000000800324c       0x14 ./Middlewares/ST/NDEF/ndef_poller.o
                0x000000000800324c                ndefPollerNdefDetect
 .text.ndefPollerReadRawMessage
                0x0000000008003260       0x1c ./Middlewares/ST/NDEF/ndef_poller.o
                0x0000000008003260                ndefPollerReadRawMessage
 .text.ndefPollerWriteRawMessage
                0x000000000800327c       0x14 ./Middlewares/ST/NDEF/ndef_poller.o
                0x000000000800327c                ndefPollerWriteRawMessage
 .text.ndefPollerTagFormat
                0x0000000008003290       0x14 ./Middlewares/ST/NDEF/ndef_poller.o
                0x0000000008003290                ndefPollerTagFormat
 .text.ndefPollerWriteBytes
                0x00000000080032a4       0x1c ./Middlewares/ST/NDEF/ndef_poller.o
                0x00000000080032a4                ndefPollerWriteBytes
 .text.ndefPollerCheckAvailableSpace
                0x00000000080032c0       0x14 ./Middlewares/ST/NDEF/ndef_poller.o
                0x00000000080032c0                ndefPollerCheckAvailableSpace
 .text.ndefPollerBeginWriteMessage
                0x00000000080032d4       0x14 ./Middlewares/ST/NDEF/ndef_poller.o
                0x00000000080032d4                ndefPollerBeginWriteMessage
 .text.ndefPollerEndWriteMessage
                0x00000000080032e8       0x14 ./Middlewares/ST/NDEF/ndef_poller.o
                0x00000000080032e8                ndefPollerEndWriteMessage
 .text.ndefPollerWriteMessage
                0x00000000080032fc      0x100 ./Middlewares/ST/NDEF/ndef_poller.o
                0x00000000080032fc                ndefPollerWriteMessage
 .text.ndefRecordGetHeaderLength
                0x00000000080033fc       0x1e ./Middlewares/ST/NDEF/ndef_record.o
                0x00000000080033fc                ndefRecordGetHeaderLength
 .text.ndefRecordSetType
                0x000000000800341a       0x24 ./Middlewares/ST/NDEF/ndef_record.o
                0x000000000800341a                ndefRecordSetType
 .text.ndefRecordGetType
                0x000000000800343e       0x1e ./Middlewares/ST/NDEF/ndef_record.o
                0x000000000800343e                ndefRecordGetType
 .text.ndefRecordTypeMatch
                0x000000000800345c       0x2e ./Middlewares/ST/NDEF/ndef_record.o
                0x000000000800345c                ndefRecordTypeMatch
 .text.ndefRecordSetId
                0x000000000800348a       0x2a ./Middlewares/ST/NDEF/ndef_record.o
                0x000000000800348a                ndefRecordSetId
 .text.ndefRecordGetId
                0x00000000080034b4       0x14 ./Middlewares/ST/NDEF/ndef_record.o
                0x00000000080034b4                ndefRecordGetId
 .text.ndefRecordSetPayload
                0x00000000080034c8       0x2e ./Middlewares/ST/NDEF/ndef_record.o
                0x00000000080034c8                ndefRecordSetPayload
 .text.ndefRecordReset
                0x00000000080034f6       0x34 ./Middlewares/ST/NDEF/ndef_record.o
                0x00000000080034f6                ndefRecordReset
 .text.ndefRecordDecode
                0x000000000800352a       0xa4 ./Middlewares/ST/NDEF/ndef_record.o
                0x000000000800352a                ndefRecordDecode
 .text.ndefRecordGetPayloadLength
                0x00000000080035ce       0x14 ./Middlewares/ST/NDEF/ndef_record.o
                0x00000000080035ce                ndefRecordGetPayloadLength
 .text.ndefRecordGetLength
                0x00000000080035e2       0x16 ./Middlewares/ST/NDEF/ndef_record.o
                0x00000000080035e2                ndefRecordGetLength
 .text.ndefRecordGetPayload
                0x00000000080035f8       0x1a ./Middlewares/ST/NDEF/ndef_record.o
                0x00000000080035f8                ndefRecordGetPayload
 .text.ndefRecordEncodeHeader
                0x0000000008003612       0x64 ./Middlewares/ST/NDEF/ndef_record.o
                0x0000000008003612                ndefRecordEncodeHeader
 .text.ndefRecordGetPayloadItem
                0x0000000008003676       0x32 ./Middlewares/ST/NDEF/ndef_record.o
                0x0000000008003676                ndefRecordGetPayloadItem
 .text.ndefRecordEncode
                0x00000000080036a8       0xb6 ./Middlewares/ST/NDEF/ndef_record.o
                0x00000000080036a8                ndefRecordEncode
 .text.ndefT2TPollerReadBlock
                0x000000000800375e       0x4a ./Middlewares/ST/NDEF/ndef_t2t.o
 .text.ndefT2TPollerWriteBlock
                0x00000000080037a8       0x38 ./Middlewares/ST/NDEF/ndef_t2t.o
 .text.ndefT2TPollerReadBytes
                0x00000000080037e0      0x106 ./Middlewares/ST/NDEF/ndef_t2t.o
                0x00000000080037e0                ndefT2TPollerReadBytes
 .text.ndefT2TPollerContextInitialization
                0x00000000080038e6       0x2a ./Middlewares/ST/NDEF/ndef_t2t.o
                0x00000000080038e6                ndefT2TPollerContextInitialization
 .text.ndefT2TPollerNdefDetect
                0x0000000008003910      0x162 ./Middlewares/ST/NDEF/ndef_t2t.o
                0x0000000008003910                ndefT2TPollerNdefDetect
 .text.ndefT2TPollerReadRawMessage
                0x0000000008003a72       0x40 ./Middlewares/ST/NDEF/ndef_t2t.o
                0x0000000008003a72                ndefT2TPollerReadRawMessage
 .text.ndefT2TPollerWriteBytes
                0x0000000008003ab2       0x80 ./Middlewares/ST/NDEF/ndef_t2t.o
                0x0000000008003ab2                ndefT2TPollerWriteBytes
 .text.ndefT2TPollerWriteRawMessageLen
                0x0000000008003b32       0x78 ./Middlewares/ST/NDEF/ndef_t2t.o
                0x0000000008003b32                ndefT2TPollerWriteRawMessageLen
 *fill*         0x0000000008003baa        0x2 
 .text.ndefT2TPollerTagFormat
                0x0000000008003bac       0x94 ./Middlewares/ST/NDEF/ndef_t2t.o
                0x0000000008003bac                ndefT2TPollerTagFormat
 .text.ndefT2TPollerCheckPresence
                0x0000000008003c40       0x28 ./Middlewares/ST/NDEF/ndef_t2t.o
                0x0000000008003c40                ndefT2TPollerCheckPresence
 .text.ndefT2TPollerCheckAvailableSpace
                0x0000000008003c68       0x36 ./Middlewares/ST/NDEF/ndef_t2t.o
                0x0000000008003c68                ndefT2TPollerCheckAvailableSpace
 .text.ndefT2TPollerBeginWriteMessage
                0x0000000008003c9e       0x48 ./Middlewares/ST/NDEF/ndef_t2t.o
                0x0000000008003c9e                ndefT2TPollerBeginWriteMessage
 .text.ndefT2TPollerEndWriteMessage
                0x0000000008003ce6       0x38 ./Middlewares/ST/NDEF/ndef_t2t.o
                0x0000000008003ce6                ndefT2TPollerEndWriteMessage
 .text.ndefT2TPollerWriteRawMessage
                0x0000000008003d1e       0x74 ./Middlewares/ST/NDEF/ndef_t2t.o
                0x0000000008003d1e                ndefT2TPollerWriteRawMessage
 .text.ndefT3TPollerReadBlocks
                0x0000000008003d92       0xa2 ./Middlewares/ST/NDEF/ndef_t3t.o
 .text.ndefT3TPollerReadAttributeInformationBlock
                0x0000000008003e34       0xc2 ./Middlewares/ST/NDEF/ndef_t3t.o
 .text.ndefT3TPollerWriteBlocks
                0x0000000008003ef6       0x6a ./Middlewares/ST/NDEF/ndef_t3t.o
 .text.ndefT3TPollerWriteAttributeInformationBlock
                0x0000000008003f60       0xbc ./Middlewares/ST/NDEF/ndef_t3t.o
 .text.ndefT3TPollerReadBytes
                0x000000000800401c      0x172 ./Middlewares/ST/NDEF/ndef_t3t.o
                0x000000000800401c                ndefT3TPollerReadBytes
 .text.ndefT3TPollerContextInitialization
                0x000000000800418e       0x20 ./Middlewares/ST/NDEF/ndef_t3t.o
                0x000000000800418e                ndefT3TPollerContextInitialization
 .text.ndefT3TPollerNdefDetect
                0x00000000080041ae       0xc6 ./Middlewares/ST/NDEF/ndef_t3t.o
                0x00000000080041ae                ndefT3TPollerNdefDetect
 .text.ndefT3TPollerReadRawMessage
                0x0000000008004274       0x4c ./Middlewares/ST/NDEF/ndef_t3t.o
                0x0000000008004274                ndefT3TPollerReadRawMessage
 .text.ndefT3TPollerWriteBytes
                0x00000000080042c0      0x138 ./Middlewares/ST/NDEF/ndef_t3t.o
                0x00000000080042c0                ndefT3TPollerWriteBytes
 .text.ndefT3TPollerTagFormat
                0x00000000080043f8       0x92 ./Middlewares/ST/NDEF/ndef_t3t.o
                0x00000000080043f8                ndefT3TPollerTagFormat
 .text.ndefT3TPollerCheckPresence
                0x000000000800448a       0x2a ./Middlewares/ST/NDEF/ndef_t3t.o
                0x000000000800448a                ndefT3TPollerCheckPresence
 .text.ndefT3TPollerCheckAvailableSpace
                0x00000000080044b4       0x24 ./Middlewares/ST/NDEF/ndef_t3t.o
                0x00000000080044b4                ndefT3TPollerCheckAvailableSpace
 .text.ndefT3TPollerBeginWriteMessage
                0x00000000080044d8       0x36 ./Middlewares/ST/NDEF/ndef_t3t.o
                0x00000000080044d8                ndefT3TPollerBeginWriteMessage
 .text.ndefT3TPollerEndWriteMessage
                0x000000000800450e       0x44 ./Middlewares/ST/NDEF/ndef_t3t.o
                0x000000000800450e                ndefT3TPollerEndWriteMessage
 .text.ndefT3TPollerWriteRawMessage
                0x0000000008004552       0x72 ./Middlewares/ST/NDEF/ndef_t3t.o
                0x0000000008004552                ndefT3TPollerWriteRawMessage
 .text.ndefT3TPollerWriteRawMessageLen
                0x00000000080045c4       0x1e ./Middlewares/ST/NDEF/ndef_t3t.o
                0x00000000080045c4                ndefT3TPollerWriteRawMessageLen
 .text.ndefT4TInitializeIsoDepTxRxParam
                0x00000000080045e2       0x2e ./Middlewares/ST/NDEF/ndef_t4t.o
 .text.ndefT4TTransceiveTxRx
                0x0000000008004610       0x50 ./Middlewares/ST/NDEF/ndef_t4t.o
 .text.ndefT4TPollerSelectNdefTagApplication
                0x0000000008004660       0x6c ./Middlewares/ST/NDEF/ndef_t4t.o
                0x0000000008004660                ndefT4TPollerSelectNdefTagApplication
 .text.ndefT4TPollerSelectFile
                0x00000000080046cc       0x50 ./Middlewares/ST/NDEF/ndef_t4t.o
                0x00000000080046cc                ndefT4TPollerSelectFile
 .text.ndefT4TPollerReadBinary
                0x000000000800471c       0x46 ./Middlewares/ST/NDEF/ndef_t4t.o
                0x000000000800471c                ndefT4TPollerReadBinary
 *fill*         0x0000000008004762        0x2 
 .text.ndefT4TReadAndParseCCFile
                0x0000000008004764      0x118 ./Middlewares/ST/NDEF/ndef_t4t.o
 .text.ndefT4TPollerReadBinaryODO
                0x000000000800487c       0x4a ./Middlewares/ST/NDEF/ndef_t4t.o
                0x000000000800487c                ndefT4TPollerReadBinaryODO
 .text.ndefT4TPollerReadBytes
                0x00000000080048c6       0x98 ./Middlewares/ST/NDEF/ndef_t4t.o
                0x00000000080048c6                ndefT4TPollerReadBytes
 .text.ndefT4TPollerContextInitialization
                0x000000000800495e       0x34 ./Middlewares/ST/NDEF/ndef_t4t.o
                0x000000000800495e                ndefT4TPollerContextInitialization
 .text.ndefT4TPollerNdefDetect
                0x0000000008004992       0xf6 ./Middlewares/ST/NDEF/ndef_t4t.o
                0x0000000008004992                ndefT4TPollerNdefDetect
 .text.ndefT4TPollerReadRawMessage
                0x0000000008004a88       0x4e ./Middlewares/ST/NDEF/ndef_t4t.o
                0x0000000008004a88                ndefT4TPollerReadRawMessage
 .text.ndefT4TPollerWriteBinary
                0x0000000008004ad6       0x4c ./Middlewares/ST/NDEF/ndef_t4t.o
                0x0000000008004ad6                ndefT4TPollerWriteBinary
 .text.ndefT4TPollerWriteBinaryODO
                0x0000000008004b22       0x50 ./Middlewares/ST/NDEF/ndef_t4t.o
                0x0000000008004b22                ndefT4TPollerWriteBinaryODO
 .text.ndefT4TPollerWriteBytes
                0x0000000008004b72       0x64 ./Middlewares/ST/NDEF/ndef_t4t.o
                0x0000000008004b72                ndefT4TPollerWriteBytes
 .text.ndefT4TPollerWriteRawMessageLen
                0x0000000008004bd6       0x4c ./Middlewares/ST/NDEF/ndef_t4t.o
                0x0000000008004bd6                ndefT4TPollerWriteRawMessageLen
 .text.ndefT4TPollerTagFormat
                0x0000000008004c22       0x52 ./Middlewares/ST/NDEF/ndef_t4t.o
                0x0000000008004c22                ndefT4TPollerTagFormat
 .text.ndefT4TPollerCheckPresence
                0x0000000008004c74       0x62 ./Middlewares/ST/NDEF/ndef_t4t.o
                0x0000000008004c74                ndefT4TPollerCheckPresence
 .text.ndefT4TPollerCheckAvailableSpace
                0x0000000008004cd6       0x3c ./Middlewares/ST/NDEF/ndef_t4t.o
                0x0000000008004cd6                ndefT4TPollerCheckAvailableSpace
 .text.ndefT4TPollerBeginWriteMessage
                0x0000000008004d12       0x3c ./Middlewares/ST/NDEF/ndef_t4t.o
                0x0000000008004d12                ndefT4TPollerBeginWriteMessage
 .text.ndefT4TPollerEndWriteMessage
                0x0000000008004d4e       0x48 ./Middlewares/ST/NDEF/ndef_t4t.o
                0x0000000008004d4e                ndefT4TPollerEndWriteMessage
 .text.ndefT4TPollerWriteRawMessage
                0x0000000008004d96       0x7e ./Middlewares/ST/NDEF/ndef_t4t.o
                0x0000000008004d96                ndefT4TPollerWriteRawMessage
 .text.ndefT5TPollerReadSingleBlock
                0x0000000008004e14       0x46 ./Middlewares/ST/NDEF/ndef_t5t.o
 .text.ndefT5TGetSystemInformation
                0x0000000008004e5a       0xe8 ./Middlewares/ST/NDEF/ndef_t5t.o
 .text.ndefT5TPollerWriteSingleBlock
                0x0000000008004f42       0x4e ./Middlewares/ST/NDEF/ndef_t5t.o
 .text.ndefT5TPollerReadBytes
                0x0000000008004f90      0x164 ./Middlewares/ST/NDEF/ndef_t5t.o
                0x0000000008004f90                ndefT5TPollerReadBytes
 .text.ndefT5TPollerContextInitialization
                0x00000000080050f4       0xda ./Middlewares/ST/NDEF/ndef_t5t.o
                0x00000000080050f4                ndefT5TPollerContextInitialization
 .text.ndefT5TPollerNdefDetect
                0x00000000080051ce      0x1f4 ./Middlewares/ST/NDEF/ndef_t5t.o
                0x00000000080051ce                ndefT5TPollerNdefDetect
 .text.ndefT5TPollerReadRawMessage
                0x00000000080053c2       0x2e ./Middlewares/ST/NDEF/ndef_t5t.o
                0x00000000080053c2                ndefT5TPollerReadRawMessage
 .text.ndefT5TPollerWriteBytes
                0x00000000080053f0      0x114 ./Middlewares/ST/NDEF/ndef_t5t.o
                0x00000000080053f0                ndefT5TPollerWriteBytes
 .text.ndefT5TWriteCC
                0x0000000008005504       0xba ./Middlewares/ST/NDEF/ndef_t5t.o
 .text.ndefT5TPollerWriteRawMessageLen
                0x00000000080055be       0x6c ./Middlewares/ST/NDEF/ndef_t5t.o
                0x00000000080055be                ndefT5TPollerWriteRawMessageLen
 *fill*         0x000000000800562a        0x2 
 .text.ndefT5TPollerTagFormat
                0x000000000800562c      0x158 ./Middlewares/ST/NDEF/ndef_t5t.o
                0x000000000800562c                ndefT5TPollerTagFormat
 .text.ndefT5TPollerCheckPresence
                0x0000000008005784       0x26 ./Middlewares/ST/NDEF/ndef_t5t.o
                0x0000000008005784                ndefT5TPollerCheckPresence
 .text.ndefT5TPollerCheckAvailableSpace
                0x00000000080057aa       0x3c ./Middlewares/ST/NDEF/ndef_t5t.o
                0x00000000080057aa                ndefT5TPollerCheckAvailableSpace
 .text.ndefT5TPollerBeginWriteMessage
                0x00000000080057e6       0x48 ./Middlewares/ST/NDEF/ndef_t5t.o
                0x00000000080057e6                ndefT5TPollerBeginWriteMessage
 .text.ndefT5TPollerEndWriteMessage
                0x000000000800582e       0x3c ./Middlewares/ST/NDEF/ndef_t5t.o
                0x000000000800582e                ndefT5TPollerEndWriteMessage
 .text.ndefT5TPollerWriteRawMessage
                0x000000000800586a       0x72 ./Middlewares/ST/NDEF/ndef_t5t.o
                0x000000000800586a                ndefT5TPollerWriteRawMessage
 .text.ndefWifiToPayloadItem
                0x00000000080058dc       0xb0 ./Middlewares/ST/NDEF/ndef_type_wifi.o
 .text.ndefWifiPayloadGetLength
                0x000000000800598c       0x18 ./Middlewares/ST/NDEF/ndef_type_wifi.o
 .text.ndefWifi
                0x00000000080059a4       0x44 ./Middlewares/ST/NDEF/ndef_type_wifi.o
                0x00000000080059a4                ndefWifi
 .text.ndefGetWifi
                0x00000000080059e8       0x2a ./Middlewares/ST/NDEF/ndef_type_wifi.o
                0x00000000080059e8                ndefGetWifi
 *fill*         0x0000000008005a12        0x2 
 .text.ndefRecordToWifi
                0x0000000008005a14       0xd0 ./Middlewares/ST/NDEF/ndef_type_wifi.o
                0x0000000008005a14                ndefRecordToWifi
 .text.ndefWifiToRecord
                0x0000000008005ae4       0x34 ./Middlewares/ST/NDEF/ndef_type_wifi.o
                0x0000000008005ae4                ndefWifiToRecord
 .text.ndefRecordTypeStringToTypeId
                0x0000000008005b18       0x90 ./Middlewares/ST/NDEF/ndef_types.o
                0x0000000008005b18                ndefRecordTypeStringToTypeId
 .text.ndefRecordSetNdefType
                0x0000000008005ba8       0x38 ./Middlewares/ST/NDEF/ndef_types.o
                0x0000000008005ba8                ndefRecordSetNdefType
 .text.ndefRecordGetNdefType
                0x0000000008005be0       0x22 ./Middlewares/ST/NDEF/ndef_types.o
                0x0000000008005be0                ndefRecordGetNdefType
 *fill*         0x0000000008005c02        0x2 
 .text.ndefRecordToType
                0x0000000008005c04       0x5c ./Middlewares/ST/NDEF/ndef_types.o
                0x0000000008005c04                ndefRecordToType
 .text.ndefVCardFindMarker
                0x0000000008005c60       0x48 ./Middlewares/ST/NDEF/ndef_types_mime.o
 .text.ndefIsVCardTypeFound
                0x0000000008005ca8       0x2c ./Middlewares/ST/NDEF/ndef_types_mime.o
 .text.ndefVCardPayloadGetLength
                0x0000000008005cd4       0x30 ./Middlewares/ST/NDEF/ndef_types_mime.o
 .text.ndefVCardToPayloadItem
                0x0000000008005d04      0x170 ./Middlewares/ST/NDEF/ndef_types_mime.o
 .text.ndefGetVCard
                0x0000000008005e74       0x6c ./Middlewares/ST/NDEF/ndef_types_mime.o
                0x0000000008005e74                ndefGetVCard
 .text.ndefRecordToVCard
                0x0000000008005ee0      0x178 ./Middlewares/ST/NDEF/ndef_types_mime.o
                0x0000000008005ee0                ndefRecordToVCard
 .text.ndefVCardToRecord
                0x0000000008006058       0x34 ./Middlewares/ST/NDEF/ndef_types_mime.o
                0x0000000008006058                ndefVCardToRecord
 .text.ndefEmptyTypePayloadGetLength
                0x000000000800608c        0x4 ./Middlewares/ST/NDEF/ndef_types_rtd.o
 .text.ndefRtdUriPayloadGetLength
                0x0000000008006090       0x12 ./Middlewares/ST/NDEF/ndef_types_rtd.o
 .text.ndefEmptyTypePayloadItem
                0x00000000080060a2       0x10 ./Middlewares/ST/NDEF/ndef_types_rtd.o
 .text.ndefRtdDeviceInfoPayloadGetLength
                0x00000000080060b2       0x24 ./Middlewares/ST/NDEF/ndef_types_rtd.o
 *fill*         0x00000000080060d6        0x2 
 .text.ndefRtdDeviceInfoToPayloadItem
                0x00000000080060d8       0x68 ./Middlewares/ST/NDEF/ndef_types_rtd.o
 .text.ndefRtdTextPayloadGetLength
                0x0000000008006140       0x16 ./Middlewares/ST/NDEF/ndef_types_rtd.o
 *fill*         0x0000000008006156        0x2 
 .text.ndefRtdTextToPayloadItem
                0x0000000008006158       0x54 ./Middlewares/ST/NDEF/ndef_types_rtd.o
 .text.ndefRtdUriToPayloadItem
                0x00000000080061ac       0x48 ./Middlewares/ST/NDEF/ndef_types_rtd.o
 .text.ndefEmptyType
                0x00000000080061f4       0x20 ./Middlewares/ST/NDEF/ndef_types_rtd.o
                0x00000000080061f4                ndefEmptyType
 .text.ndefRecordToEmptyType
                0x0000000008006214       0x3c ./Middlewares/ST/NDEF/ndef_types_rtd.o
                0x0000000008006214                ndefRecordToEmptyType
 .text.ndefEmptyTypeToRecord
                0x0000000008006250       0x24 ./Middlewares/ST/NDEF/ndef_types_rtd.o
                0x0000000008006250                ndefEmptyTypeToRecord
 .text.ndefGetRtdDeviceInfo
                0x0000000008006274       0x2e ./Middlewares/ST/NDEF/ndef_types_rtd.o
                0x0000000008006274                ndefGetRtdDeviceInfo
 *fill*         0x00000000080062a2        0x2 
 .text.ndefRecordToRtdDeviceInfo
                0x00000000080062a4       0xf4 ./Middlewares/ST/NDEF/ndef_types_rtd.o
                0x00000000080062a4                ndefRecordToRtdDeviceInfo
 .text.ndefRtdDeviceInfoToRecord
                0x0000000008006398       0x34 ./Middlewares/ST/NDEF/ndef_types_rtd.o
                0x0000000008006398                ndefRtdDeviceInfoToRecord
 .text.ndefRtdText
                0x00000000080063cc       0x50 ./Middlewares/ST/NDEF/ndef_types_rtd.o
                0x00000000080063cc                ndefRtdText
 .text.ndefGetRtdText
                0x000000000800641c       0x2e ./Middlewares/ST/NDEF/ndef_types_rtd.o
                0x000000000800641c                ndefGetRtdText
 *fill*         0x000000000800644a        0x2 
 .text.ndefRecordToRtdText
                0x000000000800644c       0x7c ./Middlewares/ST/NDEF/ndef_types_rtd.o
                0x000000000800644c                ndefRecordToRtdText
 .text.ndefRtdTextToRecord
                0x00000000080064c8       0x34 ./Middlewares/ST/NDEF/ndef_types_rtd.o
                0x00000000080064c8                ndefRtdTextToRecord
 .text.ndefRtdUri
                0x00000000080064fc       0x80 ./Middlewares/ST/NDEF/ndef_types_rtd.o
                0x00000000080064fc                ndefRtdUri
 .text.ndefGetRtdUri
                0x000000000800657c       0x34 ./Middlewares/ST/NDEF/ndef_types_rtd.o
                0x000000000800657c                ndefGetRtdUri
 .text.ndefRecordToRtdUri
                0x00000000080065b0       0x58 ./Middlewares/ST/NDEF/ndef_types_rtd.o
                0x00000000080065b0                ndefRecordToRtdUri
 .text.ndefRtdUriToRecord
                0x0000000008006608       0x34 ./Middlewares/ST/NDEF/ndef_types_rtd.o
                0x0000000008006608                ndefRtdUriToRecord
 .text.ndefRtdAar
                0x000000000800663c       0x30 ./Middlewares/ST/NDEF/ndef_types_rtd.o
                0x000000000800663c                ndefRtdAar
 .text.ndefGetRtdAar
                0x000000000800666c       0x1a ./Middlewares/ST/NDEF/ndef_types_rtd.o
                0x000000000800666c                ndefGetRtdAar
 *fill*         0x0000000008006686        0x2 
 .text.ndefRecordToRtdAar
                0x0000000008006688       0x30 ./Middlewares/ST/NDEF/ndef_types_rtd.o
                0x0000000008006688                ndefRecordToRtdAar
 .text.ndefRtdAarToRecord
                0x00000000080066b8       0x38 ./Middlewares/ST/NDEF/ndef_types_rtd.o
                0x00000000080066b8                ndefRtdAarToRecord
 .text.rfalAnalogConfigInitialize
                0x00000000080066f0       0x18 ./Middlewares/ST/RFAL/rfal_analogConfig.o
                0x00000000080066f0                rfalAnalogConfigInitialize
 .text.rfalSetAnalogConfig
                0x0000000008006708       0xbc ./Middlewares/ST/RFAL/rfal_analogConfig.o
                0x0000000008006708                rfalSetAnalogConfig
 .text.isoDepClearCounters
                0x00000000080067c4       0x10 ./Middlewares/ST/RFAL/rfal_isoDep.o
 .text.rfalIsoDepCalcBitRate
                0x00000000080067d4       0xa0 ./Middlewares/ST/RFAL/rfal_isoDep.o
 .text.isoDepTx
                0x0000000008006874       0xa4 ./Middlewares/ST/RFAL/rfal_isoDep.o
 .text.isoDepHandleControlMsg
                0x0000000008006918       0xc0 ./Middlewares/ST/RFAL/rfal_isoDep.o
 .text.rfalIsoDepInitialize
                0x00000000080069d8       0x50 ./Middlewares/ST/RFAL/rfal_isoDep.o
                0x00000000080069d8                rfalIsoDepInitialize
 .text.isoDepDataExchangePCD
                0x0000000008006a28      0x284 ./Middlewares/ST/RFAL/rfal_isoDep.o
 .text.rfalIsoDepDeselect
                0x0000000008006cac       0x58 ./Middlewares/ST/RFAL/rfal_isoDep.o
                0x0000000008006cac                rfalIsoDepDeselect
 .text.rfalIsoDepFWI2FWT
                0x0000000008006d04       0x12 ./Middlewares/ST/RFAL/rfal_isoDep.o
                0x0000000008006d04                rfalIsoDepFWI2FWT
 *fill*         0x0000000008006d16        0x2 
 .text.rfalIsoDepFSxI2FSx
                0x0000000008006d18       0x34 ./Middlewares/ST/RFAL/rfal_isoDep.o
                0x0000000008006d18                rfalIsoDepFSxI2FSx
 .text.rfalIsoDepGetMaxInfLen
                0x0000000008006d4c       0x28 ./Middlewares/ST/RFAL/rfal_isoDep.o
                0x0000000008006d4c                rfalIsoDepGetMaxInfLen
 .text.rfalIsoDepStartTransceive
                0x0000000008006d74       0x8c ./Middlewares/ST/RFAL/rfal_isoDep.o
                0x0000000008006d74                rfalIsoDepStartTransceive
 .text.rfalIsoDepGetTransceiveStatus
                0x0000000008006e00       0x18 ./Middlewares/ST/RFAL/rfal_isoDep.o
                0x0000000008006e00                rfalIsoDepGetTransceiveStatus
 .text.rfalIsoDepRATS
                0x0000000008006e18       0x74 ./Middlewares/ST/RFAL/rfal_isoDep.o
                0x0000000008006e18                rfalIsoDepRATS
 .text.rfalIsoDepPPS
                0x0000000008006e8c       0x6c ./Middlewares/ST/RFAL/rfal_isoDep.o
                0x0000000008006e8c                rfalIsoDepPPS
 .text.rfalIsoDepATTRIB
                0x0000000008006ef8       0xb4 ./Middlewares/ST/RFAL/rfal_isoDep.o
                0x0000000008006ef8                rfalIsoDepATTRIB
 .text.rfalIsoDepPollAHandleActivation
                0x0000000008006fac      0x1ac ./Middlewares/ST/RFAL/rfal_isoDep.o
                0x0000000008006fac                rfalIsoDepPollAHandleActivation
 .text.rfalIsoDepPollBHandleActivation
                0x0000000008007158      0x15c ./Middlewares/ST/RFAL/rfal_isoDep.o
                0x0000000008007158                rfalIsoDepPollBHandleActivation
 .text.rfalIsoDepStartApduTransceive
                0x00000000080072b4       0xb0 ./Middlewares/ST/RFAL/rfal_isoDep.o
                0x00000000080072b4                rfalIsoDepStartApduTransceive
 .text.rfalIsoDepGetApduTransceiveStatus
                0x0000000008007364      0x110 ./Middlewares/ST/RFAL/rfal_isoDep.o
                0x0000000008007364                rfalIsoDepGetApduTransceiveStatus
 .text.rfalNfcPollCollResolution
                0x0000000008007474      0x2e8 ./Middlewares/ST/RFAL/rfal_nfc.o
 .text.rfalNfcNfcDepActivate.constprop.0
                0x000000000800775c       0x74 ./Middlewares/ST/RFAL/rfal_nfc.o
 .text.rfalNfcDeactivation.isra.0
                0x00000000080077d0       0x44 ./Middlewares/ST/RFAL/rfal_nfc.o
 .text.rfalNfcInitialize
                0x0000000008007814       0x1c ./Middlewares/ST/RFAL/rfal_nfc.o
                0x0000000008007814                rfalNfcInitialize
 .text.rfalNfcDiscover
                0x0000000008007830       0x90 ./Middlewares/ST/RFAL/rfal_nfc.o
                0x0000000008007830                rfalNfcDiscover
 .text.rfalNfcDeactivate
                0x00000000080078c0       0x2c ./Middlewares/ST/RFAL/rfal_nfc.o
                0x00000000080078c0                rfalNfcDeactivate
 .text.rfalNfcGetState
                0x00000000080078ec        0xc ./Middlewares/ST/RFAL/rfal_nfc.o
                0x00000000080078ec                rfalNfcGetState
 .text.rfalNfcGetActiveDevice
                0x00000000080078f8       0x2c ./Middlewares/ST/RFAL/rfal_nfc.o
                0x00000000080078f8                rfalNfcGetActiveDevice
 .text.rfalNfcDataExchangeStart
                0x0000000008007924      0x1ac ./Middlewares/ST/RFAL/rfal_nfc.o
                0x0000000008007924                rfalNfcDataExchangeStart
 .text.rfalNfcDataExchangeGetStatus
                0x0000000008007ad0       0x74 ./Middlewares/ST/RFAL/rfal_nfc.o
                0x0000000008007ad0                rfalNfcDataExchangeGetStatus
 .text.rfalNfcWorker
                0x0000000008007b44      0x4ac ./Middlewares/ST/RFAL/rfal_nfc.o
                0x0000000008007b44                rfalNfcWorker
 .text.nfcipClearCounters
                0x0000000008007ff0       0x18 ./Middlewares/ST/RFAL/rfal_nfcDep.o
 .text.nfcipTx  0x0000000008008008      0x19c ./Middlewares/ST/RFAL/rfal_nfcDep.o
 .text.nfcipDEPControlMsg
                0x00000000080081a4       0x5c ./Middlewares/ST/RFAL/rfal_nfcDep.o
 .text.nfcipDataRx
                0x0000000008008200       0x3c ./Middlewares/ST/RFAL/rfal_nfcDep.o
 .text.nfcipConfig.part.0
                0x000000000800823c       0x50 ./Middlewares/ST/RFAL/rfal_nfcDep.o
 .text.nfcipTxRx
                0x000000000800828c       0x48 ./Middlewares/ST/RFAL/rfal_nfcDep.o
 .text.rfalNfcDepInitialize
                0x00000000080082d4       0x48 ./Middlewares/ST/RFAL/rfal_nfcDep.o
                0x00000000080082d4                rfalNfcDepInitialize
 .text.rfalNfcDepATR
                0x000000000800831c       0xf4 ./Middlewares/ST/RFAL/rfal_nfcDep.o
                0x000000000800831c                rfalNfcDepATR
 .text.rfalNfcDepPSL
                0x0000000008008410       0x70 ./Middlewares/ST/RFAL/rfal_nfcDep.o
                0x0000000008008410                rfalNfcDepPSL
 .text.rfalNfcDepDSL
                0x0000000008008480       0x78 ./Middlewares/ST/RFAL/rfal_nfcDep.o
                0x0000000008008480                rfalNfcDepDSL
 .text.rfalNfcDepRLS
                0x00000000080084f8       0x78 ./Middlewares/ST/RFAL/rfal_nfcDep.o
                0x00000000080084f8                rfalNfcDepRLS
 .text.rfalNfcDepInitiatorHandleActivation
                0x0000000008008570      0x110 ./Middlewares/ST/RFAL/rfal_nfcDep.o
                0x0000000008008570                rfalNfcDepInitiatorHandleActivation
 .text.rfalNfcDepStartTransceive
                0x0000000008008680       0x70 ./Middlewares/ST/RFAL/rfal_nfcDep.o
                0x0000000008008680                rfalNfcDepStartTransceive
 .text.rfalNfcDepGetTransceiveStatus
                0x00000000080086f0      0x6f8 ./Middlewares/ST/RFAL/rfal_nfcDep.o
                0x00000000080086f0                rfalNfcDepGetTransceiveStatus
 .text.rfalNfcDepStartPduTransceive
                0x0000000008008de8       0x84 ./Middlewares/ST/RFAL/rfal_nfcDep.o
                0x0000000008008de8                rfalNfcDepStartPduTransceive
 .text.rfalNfcDepGetPduTransceiveStatus
                0x0000000008008e6c      0x100 ./Middlewares/ST/RFAL/rfal_nfcDep.o
                0x0000000008008e6c                rfalNfcDepGetPduTransceiveStatus
 .text.rfalNfcaPollerInitialize
                0x0000000008008f6c       0x34 ./Middlewares/ST/RFAL/rfal_nfca.o
                0x0000000008008f6c                rfalNfcaPollerInitialize
 .text.rfalNfcaPollerCheckPresence
                0x0000000008008fa0       0x34 ./Middlewares/ST/RFAL/rfal_nfca.o
                0x0000000008008fa0                rfalNfcaPollerCheckPresence
 .text.rfalNfcaPollerSingleCollisionResolution
                0x0000000008008fd4      0x29e ./Middlewares/ST/RFAL/rfal_nfca.o
                0x0000000008008fd4                rfalNfcaPollerSingleCollisionResolution
 .text.rfalNfcaPollerSelect
                0x0000000008009272       0xb0 ./Middlewares/ST/RFAL/rfal_nfca.o
                0x0000000008009272                rfalNfcaPollerSelect
 .text.rfalNfcaPollerSleep
                0x0000000008009322       0x2a ./Middlewares/ST/RFAL/rfal_nfca.o
                0x0000000008009322                rfalNfcaPollerSleep
 .text.rfalNfcaPollerTechnologyDetection
                0x000000000800934c       0x20 ./Middlewares/ST/RFAL/rfal_nfca.o
                0x000000000800934c                rfalNfcaPollerTechnologyDetection
 .text.rfalNfcaPollerFullCollisionResolution
                0x000000000800936c      0x148 ./Middlewares/ST/RFAL/rfal_nfca.o
                0x000000000800936c                rfalNfcaPollerFullCollisionResolution
 .text.rfalNfcbCheckSensbRes
                0x00000000080094b4       0x1c ./Middlewares/ST/RFAL/rfal_nfcb.o
 .text.rfalNfcbPollerInitialize
                0x00000000080094d0       0x40 ./Middlewares/ST/RFAL/rfal_nfcb.o
                0x00000000080094d0                rfalNfcbPollerInitialize
 .text.rfalNfcbPollerCheckPresence
                0x0000000008009510       0x90 ./Middlewares/ST/RFAL/rfal_nfcb.o
                0x0000000008009510                rfalNfcbPollerCheckPresence
 .text.rfalNfcbPollerSleep
                0x00000000080095a0       0x54 ./Middlewares/ST/RFAL/rfal_nfcb.o
                0x00000000080095a0                rfalNfcbPollerSleep
 .text.rfalNfcbPollerSlotMarker
                0x00000000080095f4       0x60 ./Middlewares/ST/RFAL/rfal_nfcb.o
                0x00000000080095f4                rfalNfcbPollerSlotMarker
 .text.rfalNfcbPollerTechnologyDetection
                0x0000000008009654        0xc ./Middlewares/ST/RFAL/rfal_nfcb.o
                0x0000000008009654                rfalNfcbPollerTechnologyDetection
 .text.rfalNfcbPollerSlottedCollisionResolution
                0x0000000008009660      0x1ca ./Middlewares/ST/RFAL/rfal_nfcb.o
                0x0000000008009660                rfalNfcbPollerSlottedCollisionResolution
 .text.rfalNfcbPollerCollisionResolution
                0x000000000800982a       0x1a ./Middlewares/ST/RFAL/rfal_nfcb.o
                0x000000000800982a                rfalNfcbPollerCollisionResolution
 .text.rfalNfcbTR2ToFDT
                0x0000000008009844       0x24 ./Middlewares/ST/RFAL/rfal_nfcb.o
                0x0000000008009844                rfalNfcbTR2ToFDT
 .text.rfalNfcfComputeValidSENF
                0x0000000008009868      0x100 ./Middlewares/ST/RFAL/rfal_nfcf.o
 .text.rfalNfcfPollerInitialize
                0x0000000008009968       0x40 ./Middlewares/ST/RFAL/rfal_nfcf.o
                0x0000000008009968                rfalNfcfPollerInitialize
 .text.rfalNfcfPollerPoll
                0x00000000080099a8       0x18 ./Middlewares/ST/RFAL/rfal_nfcf.o
                0x00000000080099a8                rfalNfcfPollerPoll
 .text.rfalNfcfPollerCheckPresence
                0x00000000080099c0       0x2c ./Middlewares/ST/RFAL/rfal_nfcf.o
                0x00000000080099c0                rfalNfcfPollerCheckPresence
 .text.rfalNfcfPollerCollisionResolution
                0x00000000080099ec       0xc0 ./Middlewares/ST/RFAL/rfal_nfcf.o
                0x00000000080099ec                rfalNfcfPollerCollisionResolution
 .text.rfalNfcfPollerCheck
                0x0000000008009aac      0x134 ./Middlewares/ST/RFAL/rfal_nfcf.o
                0x0000000008009aac                rfalNfcfPollerCheck
 .text.rfalNfcfPollerUpdate
                0x0000000008009be0      0x158 ./Middlewares/ST/RFAL/rfal_nfcf.o
                0x0000000008009be0                rfalNfcfPollerUpdate
 .text.rfalNfcvPollerInitialize
                0x0000000008009d38       0x34 ./Middlewares/ST/RFAL/rfal_nfcv.o
                0x0000000008009d38                rfalNfcvPollerInitialize
 .text.rfalNfcvPollerInventory
                0x0000000008009d6c       0x74 ./Middlewares/ST/RFAL/rfal_nfcv.o
                0x0000000008009d6c                rfalNfcvPollerInventory
 .text.rfalNfcvPollerCheckPresence
                0x0000000008009de0       0x34 ./Middlewares/ST/RFAL/rfal_nfcv.o
                0x0000000008009de0                rfalNfcvPollerCheckPresence
 .text.rfalNfcvPollerCollisionResolution
                0x0000000008009e14      0x166 ./Middlewares/ST/RFAL/rfal_nfcv.o
                0x0000000008009e14                rfalNfcvPollerCollisionResolution
 *fill*         0x0000000008009f7a        0x2 
 .text.rfalNfcvPollerTransceiveReq
                0x0000000008009f7c      0x150 ./Middlewares/ST/RFAL/rfal_nfcv.o
                0x0000000008009f7c                rfalNfcvPollerTransceiveReq
 .text.rfalNfcvPollerSelect
                0x000000000800a0cc       0x2e ./Middlewares/ST/RFAL/rfal_nfcv.o
                0x000000000800a0cc                rfalNfcvPollerSelect
 .text.rfalNfcvPollerReadSingleBlock
                0x000000000800a0fa       0x30 ./Middlewares/ST/RFAL/rfal_nfcv.o
                0x000000000800a0fa                rfalNfcvPollerReadSingleBlock
 .text.rfalNfcvPollerWriteSingleBlock
                0x000000000800a12a       0x50 ./Middlewares/ST/RFAL/rfal_nfcv.o
                0x000000000800a12a                rfalNfcvPollerWriteSingleBlock
 .text.rfalNfcvPollerReadMultipleBlocks
                0x000000000800a17a       0x34 ./Middlewares/ST/RFAL/rfal_nfcv.o
                0x000000000800a17a                rfalNfcvPollerReadMultipleBlocks
 .text.rfalNfcvPollerExtendedReadSingleBlock
                0x000000000800a1ae       0x2e ./Middlewares/ST/RFAL/rfal_nfcv.o
                0x000000000800a1ae                rfalNfcvPollerExtendedReadSingleBlock
 .text.rfalNfcvPollerExtendedWriteSingleBlock
                0x000000000800a1dc       0x4e ./Middlewares/ST/RFAL/rfal_nfcv.o
                0x000000000800a1dc                rfalNfcvPollerExtendedWriteSingleBlock
 .text.rfalNfcvPollerGetSystemInformation
                0x000000000800a22a       0x20 ./Middlewares/ST/RFAL/rfal_nfcv.o
                0x000000000800a22a                rfalNfcvPollerGetSystemInformation
 .text.rfalNfcvPollerExtendedGetSystemInformation
                0x000000000800a24a       0x24 ./Middlewares/ST/RFAL/rfal_nfcv.o
                0x000000000800a24a                rfalNfcvPollerExtendedGetSystemInformation
 *fill*         0x000000000800a26e        0x2 
 .text.rfalChipIsBusy
                0x000000000800a270       0x1c ./Middlewares/ST/RFAL/rfal_rfst25r95.o
 .text.rfalInitialize
                0x000000000800a28c       0x58 ./Middlewares/ST/RFAL/rfal_rfst25r95.o
                0x000000000800a28c                rfalInitialize
 .text.rfalSetBitRate
                0x000000000800a2e4       0x50 ./Middlewares/ST/RFAL/rfal_rfst25r95.o
                0x000000000800a2e4                rfalSetBitRate
 .text.rfalSetMode
                0x000000000800a334       0xc0 ./Middlewares/ST/RFAL/rfal_rfst25r95.o
                0x000000000800a334                rfalSetMode
 .text.rfalGetBitRate
                0x000000000800a3f4       0x28 ./Middlewares/ST/RFAL/rfal_rfst25r95.o
                0x000000000800a3f4                rfalGetBitRate
 .text.rfalSetErrorHandling
                0x000000000800a41c        0x2 ./Middlewares/ST/RFAL/rfal_rfst25r95.o
                0x000000000800a41c                rfalSetErrorHandling
 *fill*         0x000000000800a41e        0x2 
 .text.rfalSetFDTPoll
                0x000000000800a420       0x18 ./Middlewares/ST/RFAL/rfal_rfst25r95.o
                0x000000000800a420                rfalSetFDTPoll
 .text.rfalSetFDTListen
                0x000000000800a438       0x14 ./Middlewares/ST/RFAL/rfal_rfst25r95.o
                0x000000000800a438                rfalSetFDTListen
 .text.rfalSetGT
                0x000000000800a44c       0x18 ./Middlewares/ST/RFAL/rfal_rfst25r95.o
                0x000000000800a44c                rfalSetGT
 .text.rfalIsGTExpired
                0x000000000800a464       0x14 ./Middlewares/ST/RFAL/rfal_rfst25r95.o
                0x000000000800a464                rfalIsGTExpired
 .text.rfalFieldOnAndStartGT
                0x000000000800a478       0x4c ./Middlewares/ST/RFAL/rfal_rfst25r95.o
                0x000000000800a478                rfalFieldOnAndStartGT
 .text.rfalStartTransceive
                0x000000000800a4c4       0x88 ./Middlewares/ST/RFAL/rfal_rfst25r95.o
                0x000000000800a4c4                rfalStartTransceive
 .text.rfalIsTransceiveInTx
                0x000000000800a54c       0x14 ./Middlewares/ST/RFAL/rfal_rfst25r95.o
                0x000000000800a54c                rfalIsTransceiveInTx
 .text.rfalGetTransceiveStatus
                0x000000000800a560       0x14 ./Middlewares/ST/RFAL/rfal_rfst25r95.o
                0x000000000800a560                rfalGetTransceiveStatus
 .text.rfalWorker
                0x000000000800a574      0x1e8 ./Middlewares/ST/RFAL/rfal_rfst25r95.o
                0x000000000800a574                rfalWorker
 .text.rfalTransceiveRunBlockingTx
                0x000000000800a75c       0x2c ./Middlewares/ST/RFAL/rfal_rfst25r95.o
 .text.rfalTransceiveBlockingTx
                0x000000000800a788       0x32 ./Middlewares/ST/RFAL/rfal_rfst25r95.o
                0x000000000800a788                rfalTransceiveBlockingTx
 *fill*         0x000000000800a7ba        0x2 
 .text.rfalTransceiveBlockingRx
                0x000000000800a7bc       0x1c ./Middlewares/ST/RFAL/rfal_rfst25r95.o
                0x000000000800a7bc                rfalTransceiveBlockingRx
 .text.rfalTransceiveBlockingTxRx
                0x000000000800a7d8       0x28 ./Middlewares/ST/RFAL/rfal_rfst25r95.o
                0x000000000800a7d8                rfalTransceiveBlockingTxRx
 .text.rfalISO14443ATransceiveShortFrame
                0x000000000800a800       0x6c ./Middlewares/ST/RFAL/rfal_rfst25r95.o
                0x000000000800a800                rfalISO14443ATransceiveShortFrame
 .text.rfalISO14443ATransceiveAnticollisionFrame
                0x000000000800a86c       0xf4 ./Middlewares/ST/RFAL/rfal_rfst25r95.o
                0x000000000800a86c                rfalISO14443ATransceiveAnticollisionFrame
 .text.rfalISO15693TransceiveAnticollisionFrame
                0x000000000800a960       0x5c ./Middlewares/ST/RFAL/rfal_rfst25r95.o
                0x000000000800a960                rfalISO15693TransceiveAnticollisionFrame
 .text.rfalISO15693TransceiveEOFAnticollision
                0x000000000800a9bc       0x18 ./Middlewares/ST/RFAL/rfal_rfst25r95.o
                0x000000000800a9bc                rfalISO15693TransceiveEOFAnticollision
 .text.rfalISO15693TransceiveEOF
                0x000000000800a9d4       0x38 ./Middlewares/ST/RFAL/rfal_rfst25r95.o
                0x000000000800a9d4                rfalISO15693TransceiveEOF
 .text.rfalFeliCaPoll
                0x000000000800aa0c       0xd8 ./Middlewares/ST/RFAL/rfal_rfst25r95.o
                0x000000000800aa0c                rfalFeliCaPoll
 .text.rfalWakeUpModeStart
                0x000000000800aae4       0xa8 ./Middlewares/ST/RFAL/rfal_rfst25r95.o
                0x000000000800aae4                rfalWakeUpModeStart
 .text.rfalWakeUpModeHasWoke
                0x000000000800ab8c       0x14 ./Middlewares/ST/RFAL/rfal_rfst25r95.o
                0x000000000800ab8c                rfalWakeUpModeHasWoke
 .text.rfalWakeUpModeStop
                0x000000000800aba0       0x30 ./Middlewares/ST/RFAL/rfal_rfst25r95.o
                0x000000000800aba0                rfalWakeUpModeStop
 .text.rfalFieldOff
                0x000000000800abd0       0x28 ./Middlewares/ST/RFAL/rfal_rfst25r95.o
                0x000000000800abd0                rfalFieldOff
 .text.rfalChipChangeRegBits
                0x000000000800abf8       0x38 ./Middlewares/ST/RFAL/rfal_rfst25r95.o
                0x000000000800abf8                rfalChipChangeRegBits
 .text.rfalChipChangeTestRegBits
                0x000000000800ac30        0x4 ./Middlewares/ST/RFAL/rfal_rfst25r95.o
                0x000000000800ac30                rfalChipChangeTestRegBits
 .text.rfalSt25tbPollerInitialize
                0x000000000800ac34        0x4 ./Middlewares/ST/RFAL/rfal_st25tb.o
                0x000000000800ac34                rfalSt25tbPollerInitialize
 .text.rfalSt25tbPollerInitiate
                0x000000000800ac38       0x42 ./Middlewares/ST/RFAL/rfal_st25tb.o
                0x000000000800ac38                rfalSt25tbPollerInitiate
 .text.rfalSt25tbPollerCheckPresence
                0x000000000800ac7a       0x2a ./Middlewares/ST/RFAL/rfal_st25tb.o
                0x000000000800ac7a                rfalSt25tbPollerCheckPresence
 .text.rfalSt25tbPollerPcall
                0x000000000800aca4       0x38 ./Middlewares/ST/RFAL/rfal_st25tb.o
                0x000000000800aca4                rfalSt25tbPollerPcall
 .text.rfalSt25tbPollerSlotMarker
                0x000000000800acdc       0x46 ./Middlewares/ST/RFAL/rfal_st25tb.o
                0x000000000800acdc                rfalSt25tbPollerSlotMarker
 .text.rfalSt25tbPollerSelect
                0x000000000800ad22       0x4a ./Middlewares/ST/RFAL/rfal_st25tb.o
                0x000000000800ad22                rfalSt25tbPollerSelect
 .text.rfalSt25tbPollerGetUID
                0x000000000800ad6c       0x38 ./Middlewares/ST/RFAL/rfal_st25tb.o
                0x000000000800ad6c                rfalSt25tbPollerGetUID
 .text.rfalSt25tbPollerCollisionResolution
                0x000000000800ada4       0xf4 ./Middlewares/ST/RFAL/rfal_st25tb.o
                0x000000000800ada4                rfalSt25tbPollerCollisionResolution
 .text.rfalST25xVPollerM24LRReadSingleBlock
                0x000000000800ae98       0x30 ./Middlewares/ST/RFAL/rfal_st25xv.o
                0x000000000800ae98                rfalST25xVPollerM24LRReadSingleBlock
 .text.rfalST25xVPollerM24LRWriteSingleBlock
                0x000000000800aec8       0x52 ./Middlewares/ST/RFAL/rfal_st25xv.o
                0x000000000800aec8                rfalST25xVPollerM24LRWriteSingleBlock
 .text.rfalST25xVPollerM24LRReadMultipleBlocks
                0x000000000800af1a       0x36 ./Middlewares/ST/RFAL/rfal_st25xv.o
                0x000000000800af1a                rfalST25xVPollerM24LRReadMultipleBlocks
 .text.rfalT1TPollerInitialize
                0x000000000800af50       0x30 ./Middlewares/ST/RFAL/rfal_t1t.o
                0x000000000800af50                rfalT1TPollerInitialize
 .text.rfalT1TPollerRid
                0x000000000800af80       0x52 ./Middlewares/ST/RFAL/rfal_t1t.o
                0x000000000800af80                rfalT1TPollerRid
 *fill*         0x000000000800afd2        0x2 
 .text.rfalT2TPollerRead
                0x000000000800afd4       0x50 ./Middlewares/ST/RFAL/rfal_t2t.o
                0x000000000800afd4                rfalT2TPollerRead
 .text.rfalT2TPollerWrite
                0x000000000800b024       0x5c ./Middlewares/ST/RFAL/rfal_t2t.o
                0x000000000800b024                rfalT2TPollerWrite
 .text.rfalT2TPollerSectorSelect
                0x000000000800b080       0x7a ./Middlewares/ST/RFAL/rfal_t2t.o
                0x000000000800b080                rfalT2TPollerSectorSelect
 .text.rfalT4TPollerComposeCAPDU
                0x000000000800b0fa       0x62 ./Middlewares/ST/RFAL/rfal_t4t.o
                0x000000000800b0fa                rfalT4TPollerComposeCAPDU
 .text.rfalT4TPollerParseRAPDU
                0x000000000800b15c       0x32 ./Middlewares/ST/RFAL/rfal_t4t.o
                0x000000000800b15c                rfalT4TPollerParseRAPDU
 *fill*         0x000000000800b18e        0x2 
 .text.rfalT4TPollerComposeSelectAppl
                0x000000000800b190       0x34 ./Middlewares/ST/RFAL/rfal_t4t.o
                0x000000000800b190                rfalT4TPollerComposeSelectAppl
 .text.rfalT4TPollerComposeSelectFile
                0x000000000800b1c4       0x34 ./Middlewares/ST/RFAL/rfal_t4t.o
                0x000000000800b1c4                rfalT4TPollerComposeSelectFile
 .text.rfalT4TPollerComposeSelectFileV1Mapping
                0x000000000800b1f8       0x30 ./Middlewares/ST/RFAL/rfal_t4t.o
                0x000000000800b1f8                rfalT4TPollerComposeSelectFileV1Mapping
 .text.rfalT4TPollerComposeReadData
                0x000000000800b228       0x2e ./Middlewares/ST/RFAL/rfal_t4t.o
                0x000000000800b228                rfalT4TPollerComposeReadData
 .text.rfalT4TPollerComposeReadDataODO
                0x000000000800b256       0x3c ./Middlewares/ST/RFAL/rfal_t4t.o
                0x000000000800b256                rfalT4TPollerComposeReadDataODO
 .text.rfalT4TPollerComposeWriteData
                0x000000000800b292       0x3e ./Middlewares/ST/RFAL/rfal_t4t.o
                0x000000000800b292                rfalT4TPollerComposeWriteData
 .text.rfalT4TPollerComposeWriteDataODO
                0x000000000800b2d0       0x5a ./Middlewares/ST/RFAL/rfal_t4t.o
                0x000000000800b2d0                rfalT4TPollerComposeWriteDataODO
 .text._vsnprintf_r
                0x000000000800b32a       0x56 C:/ST/STM32CubeIDE_1.13.2/STM32CubeIDE/plugins/com.st.stm32cube.ide.mcu.externaltools.gnu-tools-for-stm32.11.3.rel1.win32_1.1.1.202309131626/tools/bin/../lib/gcc/arm-none-eabi/11.3.1/../../../../arm-none-eabi/lib/thumb/v7-m/nofp\libc_nano.a(libc_a-vsnprintf.o)
                0x000000000800b32a                _vsniprintf_r
                0x000000000800b32a                _vsnprintf_r
 .text.vsnprintf
                0x000000000800b380       0x1c C:/ST/STM32CubeIDE_1.13.2/STM32CubeIDE/plugins/com.st.stm32cube.ide.mcu.externaltools.gnu-tools-for-stm32.11.3.rel1.win32_1.1.1.202309131626/tools/bin/../lib/gcc/arm-none-eabi/11.3.1/../../../../arm-none-eabi/lib/thumb/v7-m/nofp\libc_nano.a(libc_a-vsnprintf.o)
                0x000000000800b380                vsniprintf
                0x000000000800b380                vsnprintf
 .text.memcmp   0x000000000800b39c       0x20 C:/ST/STM32CubeIDE_1.13.2/STM32CubeIDE/plugins/com.st.stm32cube.ide.mcu.externaltools.gnu-tools-for-stm32.11.3.rel1.win32_1.1.1.202309131626/tools/bin/../lib/gcc/arm-none-eabi/11.3.1/../../../../arm-none-eabi/lib/thumb/v7-m/nofp\libc_nano.a(libc_a-memcmp.o)
                0x000000000800b39c                memcmp
 .text.memmove  0x000000000800b3bc       0x34 C:/ST/STM32CubeIDE_1.13.2/STM32CubeIDE/plugins/com.st.stm32cube.ide.mcu.externaltools.gnu-tools-for-stm32.11.3.rel1.win32_1.1.1.202309131626/tools/bin/../lib/gcc/arm-none-eabi/11.3.1/../../../../arm-none-eabi/lib/thumb/v7-m/nofp\libc_nano.a(libc_a-memmove.o)
                0x000000000800b3bc                memmove
 .text.memset   0x000000000800b3f0       0x10 C:/ST/STM32CubeIDE_1.13.2/STM32CubeIDE/plugins/com.st.stm32cube.ide.mcu.externaltools.gnu-tools-for-stm32.11.3.rel1.win32_1.1.1.202309131626/tools/bin/../lib/gcc/arm-none-eabi/11.3.1/../../../../arm-none-eabi/lib/thumb/v7-m/nofp\libc_nano.a(libc_a-memset.o)
                0x000000000800b3f0                memset
 .text.__errno  0x000000000800b400        0xc C:/ST/STM32CubeIDE_1.13.2/STM32CubeIDE/plugins/com.st.stm32cube.ide.mcu.externaltools.gnu-tools-for-stm32.11.3.rel1.win32_1.1.1.202309131626/tools/bin/../lib/gcc/arm-none-eabi/11.3.1/../../../../arm-none-eabi/lib/thumb/v7-m/nofp\libc_nano.a(libc_a-errno.o)
                0x000000000800b400                __errno
 .text.__libc_init_array
                0x000000000800b40c       0x48 C:/ST/STM32CubeIDE_1.13.2/STM32CubeIDE/plugins/com.st.stm32cube.ide.mcu.externaltools.gnu-tools-for-stm32.11.3.rel1.win32_1.1.1.202309131626/tools/bin/../lib/gcc/arm-none-eabi/11.3.1/../../../../arm-none-eabi/lib/thumb/v7-m/nofp\libc_nano.a(libc_a-init.o)
                0x000000000800b40c                __libc_init_array
 .text.__retarget_lock_acquire_recursive
                0x000000000800b454        0x2 C:/ST/STM32CubeIDE_1.13.2/STM32CubeIDE/plugins/com.st.stm32cube.ide.mcu.externaltools.gnu-tools-for-stm32.11.3.rel1.win32_1.1.1.202309131626/tools/bin/../lib/gcc/arm-none-eabi/11.3.1/../../../../arm-none-eabi/lib/thumb/v7-m/nofp\libc_nano.a(libc_a-lock.o)
                0x000000000800b454                __retarget_lock_acquire_recursive
 .text.__retarget_lock_release_recursive
                0x000000000800b456        0x2 C:/ST/STM32CubeIDE_1.13.2/STM32CubeIDE/plugins/com.st.stm32cube.ide.mcu.externaltools.gnu-tools-for-stm32.11.3.rel1.win32_1.1.1.202309131626/tools/bin/../lib/gcc/arm-none-eabi/11.3.1/../../../../arm-none-eabi/lib/thumb/v7-m/nofp\libc_nano.a(libc_a-lock.o)
                0x000000000800b456                __retarget_lock_release_recursive
 .text.memcpy   0x000000000800b458       0x1c C:/ST/STM32CubeIDE_1.13.2/STM32CubeIDE/plugins/com.st.stm32cube.ide.mcu.externaltools.gnu-tools-for-stm32.11.3.rel1.win32_1.1.1.202309131626/tools/bin/../lib/gcc/arm-none-eabi/11.3.1/../../../../arm-none-eabi/lib/thumb/v7-m/nofp\libc_nano.a(libc_a-memcpy-stub.o)
                0x000000000800b458                memcpy
 .text._free_r  0x000000000800b474       0x90 C:/ST/STM32CubeIDE_1.13.2/STM32CubeIDE/plugins/com.st.stm32cube.ide.mcu.externaltools.gnu-tools-for-stm32.11.3.rel1.win32_1.1.1.202309131626/tools/bin/../lib/gcc/arm-none-eabi/11.3.1/../../../../arm-none-eabi/lib/thumb/v7-m/nofp\libc_nano.a(libc_a-freer.o)
                0x000000000800b474                _free_r
 .text.sbrk_aligned
                0x000000000800b504       0x40 C:/ST/STM32CubeIDE_1.13.2/STM32CubeIDE/plugins/com.st.stm32cube.ide.mcu.externaltools.gnu-tools-for-stm32.11.3.rel1.win32_1.1.1.202309131626/tools/bin/../lib/gcc/arm-none-eabi/11.3.1/../../../../arm-none-eabi/lib/thumb/v7-m/nofp\libc_nano.a(libc_a-mallocr.o)
 .text._malloc_r
                0x000000000800b544      0x100 C:/ST/STM32CubeIDE_1.13.2/STM32CubeIDE/plugins/com.st.stm32cube.ide.mcu.externaltools.gnu-tools-for-stm32.11.3.rel1.win32_1.1.1.202309131626/tools/bin/../lib/gcc/arm-none-eabi/11.3.1/../../../../arm-none-eabi/lib/thumb/v7-m/nofp\libc_nano.a(libc_a-mallocr.o)
                0x000000000800b544                _malloc_r
 .text.__malloc_lock
                0x000000000800b644        0xc C:/ST/STM32CubeIDE_1.13.2/STM32CubeIDE/plugins/com.st.stm32cube.ide.mcu.externaltools.gnu-tools-for-stm32.11.3.rel1.win32_1.1.1.202309131626/tools/bin/../lib/gcc/arm-none-eabi/11.3.1/../../../../arm-none-eabi/lib/thumb/v7-m/nofp\libc_nano.a(libc_a-mlock.o)
                0x000000000800b644                __malloc_lock
 .text.__malloc_unlock
                0x000000000800b650        0xc C:/ST/STM32CubeIDE_1.13.2/STM32CubeIDE/plugins/com.st.stm32cube.ide.mcu.externaltools.gnu-tools-for-stm32.11.3.rel1.win32_1.1.1.202309131626/tools/bin/../lib/gcc/arm-none-eabi/11.3.1/../../../../arm-none-eabi/lib/thumb/v7-m/nofp\libc_nano.a(libc_a-mlock.o)
                0x000000000800b650                __malloc_unlock
 .text.__ssputs_r
                0x000000000800b65c       0xb4 C:/ST/STM32CubeIDE_1.13.2/STM32CubeIDE/plugins/com.st.stm32cube.ide.mcu.externaltools.gnu-tools-for-stm32.11.3.rel1.win32_1.1.1.202309131626/tools/bin/../lib/gcc/arm-none-eabi/11.3.1/../../../../arm-none-eabi/lib/thumb/v7-m/nofp\libc_nano.a(libc_a-nano-svfprintf.o)
                0x000000000800b65c                __ssputs_r
 .text._svfprintf_r
                0x000000000800b710      0x1fc C:/ST/STM32CubeIDE_1.13.2/STM32CubeIDE/plugins/com.st.stm32cube.ide.mcu.externaltools.gnu-tools-for-stm32.11.3.rel1.win32_1.1.1.202309131626/tools/bin/../lib/gcc/arm-none-eabi/11.3.1/../../../../arm-none-eabi/lib/thumb/v7-m/nofp\libc_nano.a(libc_a-nano-svfprintf.o)
                0x000000000800b710                _svfiprintf_r
                0x000000000800b710                _svfprintf_r
 .text._printf_common
                0x000000000800b90c       0xe4 C:/ST/STM32CubeIDE_1.13.2/STM32CubeIDE/plugins/com.st.stm32cube.ide.mcu.externaltools.gnu-tools-for-stm32.11.3.rel1.win32_1.1.1.202309131626/tools/bin/../lib/gcc/arm-none-eabi/11.3.1/../../../../arm-none-eabi/lib/thumb/v7-m/nofp\libc_nano.a(libc_a-nano-vfprintf_i.o)
                0x000000000800b90c                _printf_common
 .text._printf_i
                0x000000000800b9f0      0x244 C:/ST/STM32CubeIDE_1.13.2/STM32CubeIDE/plugins/com.st.stm32cube.ide.mcu.externaltools.gnu-tools-for-stm32.11.3.rel1.win32_1.1.1.202309131626/tools/bin/../lib/gcc/arm-none-eabi/11.3.1/../../../../arm-none-eabi/lib/thumb/v7-m/nofp\libc_nano.a(libc_a-nano-vfprintf_i.o)
                0x000000000800b9f0                _printf_i
 .text._sbrk_r  0x000000000800bc34       0x20 C:/ST/STM32CubeIDE_1.13.2/STM32CubeIDE/plugins/com.st.stm32cube.ide.mcu.externaltools.gnu-tools-for-stm32.11.3.rel1.win32_1.1.1.202309131626/tools/bin/../lib/gcc/arm-none-eabi/11.3.1/../../../../arm-none-eabi/lib/thumb/v7-m/nofp\libc_nano.a(libc_a-sbrkr.o)
                0x000000000800bc34                _sbrk_r
 .text.memchr   0x000000000800bc54       0x1c C:/ST/STM32CubeIDE_1.13.2/STM32CubeIDE/plugins/com.st.stm32cube.ide.mcu.externaltools.gnu-tools-for-stm32.11.3.rel1.win32_1.1.1.202309131626/tools/bin/../lib/gcc/arm-none-eabi/11.3.1/../../../../arm-none-eabi/lib/thumb/v7-m/nofp\libc_nano.a(libc_a-memchr-stub.o)
                0x000000000800bc54                memchr
 .text._realloc_r
                0x000000000800bc70       0x5e C:/ST/STM32CubeIDE_1.13.2/STM32CubeIDE/plugins/com.st.stm32cube.ide.mcu.externaltools.gnu-tools-for-stm32.11.3.rel1.win32_1.1.1.202309131626/tools/bin/../lib/gcc/arm-none-eabi/11.3.1/../../../../arm-none-eabi/lib/thumb/v7-m/nofp\libc_nano.a(libc_a-reallocr.o)
                0x000000000800bc70                _realloc_r
 .text._malloc_usable_size_r
                0x000000000800bcce       0x10 C:/ST/STM32CubeIDE_1.13.2/STM32CubeIDE/plugins/com.st.stm32cube.ide.mcu.externaltools.gnu-tools-for-stm32.11.3.rel1.win32_1.1.1.202309131626/tools/bin/../lib/gcc/arm-none-eabi/11.3.1/../../../../arm-none-eabi/lib/thumb/v7-m/nofp\libc_nano.a(libc_a-msizer.o)
                0x000000000800bcce                _malloc_usable_size_r
 *(.glue_7)
 .glue_7        0x000000000800bcde        0x0 linker stubs
 *(.glue_7t)
 .glue_7t       0x000000000800bcde        0x0 linker stubs
 *(.eh_frame)
 *fill*         0x000000000800bcde        0x2 
 .eh_frame      0x000000000800bce0        0x0 C:/ST/STM32CubeIDE_1.13.2/STM32CubeIDE/plugins/com.st.stm32cube.ide.mcu.externaltools.gnu-tools-for-stm32.11.3.rel1.win32_1.1.1.202309131626/tools/bin/../lib/gcc/arm-none-eabi/11.3.1/thumb/v7-m/nofp/crtbegin.o
 *(.init)
 .init          0x000000000800bce0        0x4 C:/ST/STM32CubeIDE_1.13.2/STM32CubeIDE/plugins/com.st.stm32cube.ide.mcu.externaltools.gnu-tools-for-stm32.11.3.rel1.win32_1.1.1.202309131626/tools/bin/../lib/gcc/arm-none-eabi/11.3.1/thumb/v7-m/nofp/crti.o
                0x000000000800bce0                _init
 .init          0x000000000800bce4        0x8 C:/ST/STM32CubeIDE_1.13.2/STM32CubeIDE/plugins/com.st.stm32cube.ide.mcu.externaltools.gnu-tools-for-stm32.11.3.rel1.win32_1.1.1.202309131626/tools/bin/../lib/gcc/arm-none-eabi/11.3.1/thumb/v7-m/nofp/crtn.o
 *(.fini)
 .fini          0x000000000800bcec        0x4 C:/ST/STM32CubeIDE_1.13.2/STM32CubeIDE/plugins/com.st.stm32cube.ide.mcu.externaltools.gnu-tools-for-stm32.11.3.rel1.win32_1.1.1.202309131626/tools/bin/../lib/gcc/arm-none-eabi/11.3.1/thumb/v7-m/nofp/crti.o
                0x000000000800bcec                _fini
 .fini          0x000000000800bcf0        0x8 C:/ST/STM32CubeIDE_1.13.2/STM32CubeIDE/plugins/com.st.stm32cube.ide.mcu.externaltools.gnu-tools-for-stm32.11.3.rel1.win32_1.1.1.202309131626/tools/bin/../lib/gcc/arm-none-eabi/11.3.1/thumb/v7-m/nofp/crtn.o
                0x000000000800bcf8                . = ALIGN (0x4)
                0x000000000800bcf8                _etext = .

.vfp11_veneer   0x000000000800bcf8        0x0
 .vfp11_veneer  0x000000000800bcf8        0x0 linker stubs

.v4_bx          0x000000000800bcf8        0x0
 .v4_bx         0x000000000800bcf8        0x0 linker stubs

.iplt           0x000000000800bcf8        0x0
 .iplt          0x000000000800bcf8        0x0 C:/ST/STM32CubeIDE_1.13.2/STM32CubeIDE/plugins/com.st.stm32cube.ide.mcu.externaltools.gnu-tools-for-stm32.11.3.rel1.win32_1.1.1.202309131626/tools/bin/../lib/gcc/arm-none-eabi/11.3.1/thumb/v7-m/nofp/crtbegin.o

.rodata         0x000000000800bcf8     0x12a4
                0x000000000800bcf8                . = ALIGN (0x4)
 *(.rodata)
 .rodata        0x000000000800bcf8       0x4f ./Application/User/ndef_demo.o
 *fill*         0x000000000800bd47        0x1 
 .rodata        0x000000000800bd48       0xd8 ./Application/User/ndef_dump.o
 .rodata        0x000000000800be20       0x30 ./Drivers/BSP/Components/st25r95_com.o
 .rodata        0x000000000800be50       0x18 ./Drivers/CMSIS/system_stm32f1xx.o
                0x000000000800be50                AHBPrescTable
                0x000000000800be60                APBPrescTable
 .rodata        0x000000000800be68      0x108 ./Middlewares/ST/NDEF/ndef_poller.o
 .rodata        0x000000000800bf70        0x4 ./Middlewares/ST/NDEF/ndef_t2t.o
 .rodata        0x000000000800bf74       0x10 ./Middlewares/ST/NDEF/ndef_t4t.o
 .rodata        0x000000000800bf84        0x4 ./Middlewares/ST/NDEF/ndef_t5t.o
 .rodata        0x000000000800bf88       0x20 ./Middlewares/ST/NDEF/ndef_type_wifi.o
                0x000000000800bf88                bufMediaTypeWifi
 .rodata        0x000000000800bfa8       0x8d ./Middlewares/ST/NDEF/ndef_types.o
 *fill*         0x000000000800c035        0x3 
 .rodata        0x000000000800c038       0x51 ./Middlewares/ST/NDEF/ndef_types_mime.o
                0x000000000800c05c                bufMediaTypeVCard
 *fill*         0x000000000800c089        0x3 
 .rodata        0x000000000800c08c      0x2a4 ./Middlewares/ST/NDEF/ndef_types_rtd.o
                0x000000000800c08c                bufRtdTypeDeviceInfo
                0x000000000800c094                bufRtdTypeText
                0x000000000800c1c4                bufRtdTypeUri
                0x000000000800c1dc                bufRtdTypeAar
 .rodata        0x000000000800c330       0x38 ./Middlewares/ST/RFAL/rfal_analogConfig.o
                0x000000000800c330                rfalAnalogConfigDefaultSettings
 .rodata        0x000000000800c368       0x18 ./Middlewares/ST/RFAL/rfal_isoDep.o
 .rodata        0x000000000800c380       0x13 ./Middlewares/ST/RFAL/rfal_nfcv.o
 *(.rodata*)
 .rodata.str1.1
                0x000000000800c393       0x11 ./Application/User/logger.o
 .rodata.str1.1
                0x000000000800c3a4       0x67 ./Application/User/main.o
 .rodata.str1.1
                0x000000000800c40b      0x7ad ./Application/User/ndef_demo.o
                                        0x7b4 (size before relaxing)
 .rodata.str1.1
                0x000000000800cbb8      0x39b ./Application/User/ndef_dump.o
                                        0x3b1 (size before relaxing)
 .rodata.str1.1
                0x000000000800cf53       0x14 ./Drivers/BSP/Components/st25r95_com.o
 .rodata.str1.1
                0x000000000800cf67       0x11 ./Drivers/STM32F1xx_HAL_Driver/stm32f1xx_hal_rcc.o
 .rodata._svfprintf_r.str1.1
                0x000000000800cf78       0x11 C:/ST/STM32CubeIDE_1.13.2/STM32CubeIDE/plugins/com.st.stm32cube.ide.mcu.externaltools.gnu-tools-for-stm32.11.3.rel1.win32_1.1.1.202309131626/tools/bin/../lib/gcc/arm-none-eabi/11.3.1/../../../../arm-none-eabi/lib/thumb/v7-m/nofp\libc_nano.a(libc_a-nano-svfprintf.o)
 .rodata._printf_i.str1.1
                0x000000000800cf89       0x11 C:/ST/STM32CubeIDE_1.13.2/STM32CubeIDE/plugins/com.st.stm32cube.ide.mcu.externaltools.gnu-tools-for-stm32.11.3.rel1.win32_1.1.1.202309131626/tools/bin/../lib/gcc/arm-none-eabi/11.3.1/../../../../arm-none-eabi/lib/thumb/v7-m/nofp\libc_nano.a(libc_a-nano-vfprintf_i.o)
                                         0x22 (size before relaxing)
                0x000000000800cf9c                . = ALIGN (0x4)
 *fill*         0x000000000800cf9a        0x2 

.rel.dyn        0x000000000800cf9c        0x0
 .rel.iplt      0x000000000800cf9c        0x0 C:/ST/STM32CubeIDE_1.13.2/STM32CubeIDE/plugins/com.st.stm32cube.ide.mcu.externaltools.gnu-tools-for-stm32.11.3.rel1.win32_1.1.1.202309131626/tools/bin/../lib/gcc/arm-none-eabi/11.3.1/thumb/v7-m/nofp/crtbegin.o

.ARM.extab
 *(.ARM.extab* .gnu.linkonce.armextab.*)

.ARM            0x000000000800cf9c        0x0
                0x000000000800cf9c                __exidx_start = .
 *(.ARM.exidx*)
                0x000000000800cf9c                __exidx_end = .

.preinit_array  0x000000000800cf9c        0x0
                0x000000000800cf9c                PROVIDE (__preinit_array_start = .)
 *(.preinit_array*)
                0x000000000800cf9c                PROVIDE (__preinit_array_end = .)

.init_array     0x000000000800cf9c        0x4
                0x000000000800cf9c                PROVIDE (__init_array_start = .)
 *(SORT_BY_NAME(.init_array.*))
 *(.init_array*)
 .init_array    0x000000000800cf9c        0x4 C:/ST/STM32CubeIDE_1.13.2/STM32CubeIDE/plugins/com.st.stm32cube.ide.mcu.externaltools.gnu-tools-for-stm32.11.3.rel1.win32_1.1.1.202309131626/tools/bin/../lib/gcc/arm-none-eabi/11.3.1/thumb/v7-m/nofp/crtbegin.o
                0x000000000800cfa0                PROVIDE (__init_array_end = .)

.fini_array     0x000000000800cfa0        0x4
                [!provide]                        PROVIDE (__fini_array_start = .)
 *(SORT_BY_NAME(.fini_array.*))
 *(.fini_array*)
 .fini_array    0x000000000800cfa0        0x4 C:/ST/STM32CubeIDE_1.13.2/STM32CubeIDE/plugins/com.st.stm32cube.ide.mcu.externaltools.gnu-tools-for-stm32.11.3.rel1.win32_1.1.1.202309131626/tools/bin/../lib/gcc/arm-none-eabi/11.3.1/thumb/v7-m/nofp/crtbegin.o
                [!provide]                        PROVIDE (__fini_array_end = .)
                0x000000000800cfa4                _sidata = LOADADDR (.data)

.data           0x0000000020000000      0x1b8 load address 0x000000000800cfa4
                0x0000000020000000                . = ALIGN (0x4)
                0x0000000020000000                _sdata = .
 *(.data)