C:/WORK/EASYGROUP/Easy Electronic/Project/RFID_CRD/4. Implement/3. FW/Drivers/BSP/Components/ST25R95/st25r95.c:97:6:st25r95SPI_nIRQ_IN_Pulse	8	static
C:/WORK/EASYGROUP/Easy Electronic/Project/RFID_CRD/4. Implement/3. FW/Drivers/BSP/Components/ST25R95/st25r95.c:126:6:st25r95SPIResetChip	8	static
C:/WORK/EASYGROUP/Easy Electronic/Project/RFID_CRD/4. Implement/3. FW/Drivers/BSP/Components/ST25R95/st25r95.c:64:12:st25r95Initialize	8	static
C:/WORK/EASYGROUP/Easy Electronic/Project/RFID_CRD/4. Implement/3. FW/Drivers/BSP/Components/ST25R95/st25r95.c:89:6:st25r95Deinitialize	0	static
C:/WORK/EASYGROUP/Easy Electronic/Project/RFID_CRD/4. Implement/3. FW/Drivers/BSP/Components/ST25R95/st25r95.c:142:12:st25r95FieldOn	0	static
C:/WORK/EASYGROUP/Easy Electronic/Project/RFID_CRD/4. Implement/3. FW/Drivers/BSP/Components/ST25R95/st25r95.c:151:12:st25r95FieldOff	0	static
