C:/WORK/EASYGROUP/Easy Electronic/Project/RFID_CRD/4. Implement/3. FW/Drivers/BSP/Components/ST25R95/timer.c:68:10:timerCalculateTimer	8	static
C:/WORK/EASYGROUP/Easy Electronic/Project/RFID_CRD/4. Implement/3. FW/Drivers/BSP/Components/ST25R95/timer.c:75:6:timerIsExpired	8	static
C:/WORK/EASYGROUP/Easy Electronic/Project/RFID_CRD/4. Implement/3. FW/Drivers/BSP/Components/ST25R95/timer.c:99:6:timerDelay	8	static
C:/WORK/EASYGROUP/Easy Electronic/Project/RFID_CRD/4. Implement/3. FW/Drivers/BSP/Components/ST25R95/timer.c:110:6:timerStopwatchStart	8	static
C:/WORK/EASYGROUP/Easy Electronic/Project/RFID_CRD/4. Implement/3. FW/Drivers/BSP/Components/ST25R95/timer.c:117:10:timerStopwatchMeasure	8	static
