C:/WORK/EASYGROUP/Easy Electronic/Project/RFID_CRD/4. Implement/3. FW/Drivers/STM32F1xx_HAL_Driver/Src/stm32f1xx_hal_spi.c:3195:13:SPI_AbortRx_ISR	8	static
C:/WORK/EASYGROUP/Easy Electronic/Project/RFID_CRD/4. Implement/3. FW/Drivers/STM32F1xx_HAL_Driver/Src/stm32f1xx_hal_spi.c:3230:13:SPI_AbortTx_ISR	0	static
C:/WORK/EASYGROUP/Easy Electronic/Project/RFID_CRD/4. Implement/3. FW/Drivers/STM32F1xx_HAL_Driver/Src/stm32f1xx_hal_spi.c:2931:26:SPI_WaitFlagStateUntilTimeout	24	static
C:/WORK/EASYGROUP/Easy Electronic/Project/RFID_CRD/4. Implement/3. FW/Drivers/STM32F1xx_HAL_Driver/Src/stm32f1xx_hal_spi.c:2978:26:SPI_CheckFlag_BSY	16	static
C:/WORK/EASYGROUP/Easy Electronic/Project/RFID_CRD/4. Implement/3. FW/Drivers/STM32F1xx_HAL_Driver/Src/stm32f1xx_hal_spi.c:376:13:HAL_SPI_MspInit	0	static
C:/WORK/EASYGROUP/Easy Electronic/Project/RFID_CRD/4. Implement/3. FW/Drivers/STM32F1xx_HAL_Driver/Src/stm32f1xx_hal_spi.c:263:26:HAL_SPI_Init	16	static
C:/WORK/EASYGROUP/Easy Electronic/Project/RFID_CRD/4. Implement/3. FW/Drivers/STM32F1xx_HAL_Driver/Src/stm32f1xx_hal_spi.c:391:13:HAL_SPI_MspDeInit	0	static
C:/WORK/EASYGROUP/Easy Electronic/Project/RFID_CRD/4. Implement/3. FW/Drivers/STM32F1xx_HAL_Driver/Src/stm32f1xx_hal_spi.c:342:19:HAL_SPI_DeInit	8	static
C:/WORK/EASYGROUP/Easy Electronic/Project/RFID_CRD/4. Implement/3. FW/Drivers/STM32F1xx_HAL_Driver/Src/stm32f1xx_hal_spi.c:446:19:HAL_SPI_Transmit	48	static
C:/WORK/EASYGROUP/Easy Electronic/Project/RFID_CRD/4. Implement/3. FW/Drivers/STM32F1xx_HAL_Driver/Src/stm32f1xx_hal_spi.c:1055:19:HAL_SPI_Transmit_IT	0	static
C:/WORK/EASYGROUP/Easy Electronic/Project/RFID_CRD/4. Implement/3. FW/Drivers/STM32F1xx_HAL_Driver/Src/stm32f1xx_hal_spi.c:1237:19:HAL_SPI_TransmitReceive_IT	16	static
C:/WORK/EASYGROUP/Easy Electronic/Project/RFID_CRD/4. Implement/3. FW/Drivers/STM32F1xx_HAL_Driver/Src/stm32f1xx_hal_spi.c:1145:19:HAL_SPI_Receive_IT	12	static
C:/WORK/EASYGROUP/Easy Electronic/Project/RFID_CRD/4. Implement/3. FW/Drivers/STM32F1xx_HAL_Driver/Src/stm32f1xx_hal_spi.c:1323:19:HAL_SPI_Transmit_DMA	8	static
C:/WORK/EASYGROUP/Easy Electronic/Project/RFID_CRD/4. Implement/3. FW/Drivers/STM32F1xx_HAL_Driver/Src/stm32f1xx_hal_spi.c:1513:19:HAL_SPI_TransmitReceive_DMA	16	static
C:/WORK/EASYGROUP/Easy Electronic/Project/RFID_CRD/4. Implement/3. FW/Drivers/STM32F1xx_HAL_Driver/Src/stm32f1xx_hal_spi.c:1416:19:HAL_SPI_Receive_DMA	16	static
C:/WORK/EASYGROUP/Easy Electronic/Project/RFID_CRD/4. Implement/3. FW/Drivers/STM32F1xx_HAL_Driver/Src/stm32f1xx_hal_spi.c:1635:19:HAL_SPI_Abort	16	static
C:/WORK/EASYGROUP/Easy Electronic/Project/RFID_CRD/4. Implement/3. FW/Drivers/STM32F1xx_HAL_Driver/Src/stm32f1xx_hal_spi.c:1876:19:HAL_SPI_DMAPause	0	static
C:/WORK/EASYGROUP/Easy Electronic/Project/RFID_CRD/4. Implement/3. FW/Drivers/STM32F1xx_HAL_Driver/Src/stm32f1xx_hal_spi.c:1896:19:HAL_SPI_DMAResume	0	static
C:/WORK/EASYGROUP/Easy Electronic/Project/RFID_CRD/4. Implement/3. FW/Drivers/STM32F1xx_HAL_Driver/Src/stm32f1xx_hal_spi.c:1916:19:HAL_SPI_DMAStop	8	static
C:/WORK/EASYGROUP/Easy Electronic/Project/RFID_CRD/4. Implement/3. FW/Drivers/STM32F1xx_HAL_Driver/Src/stm32f1xx_hal_spi.c:2036:13:HAL_SPI_TxCpltCallback	0	static
C:/WORK/EASYGROUP/Easy Electronic/Project/RFID_CRD/4. Implement/3. FW/Drivers/STM32F1xx_HAL_Driver/Src/stm32f1xx_hal_spi.c:2051:13:HAL_SPI_RxCpltCallback	0	static
C:/WORK/EASYGROUP/Easy Electronic/Project/RFID_CRD/4. Implement/3. FW/Drivers/STM32F1xx_HAL_Driver/Src/stm32f1xx_hal_spi.c:2066:13:HAL_SPI_TxRxCpltCallback	0	static
C:/WORK/EASYGROUP/Easy Electronic/Project/RFID_CRD/4. Implement/3. FW/Drivers/STM32F1xx_HAL_Driver/Src/stm32f1xx_hal_spi.c:2081:13:HAL_SPI_TxHalfCpltCallback	0	static
C:/WORK/EASYGROUP/Easy Electronic/Project/RFID_CRD/4. Implement/3. FW/Drivers/STM32F1xx_HAL_Driver/Src/stm32f1xx_hal_spi.c:2410:13:SPI_DMAHalfTransmitCplt	8	static
C:/WORK/EASYGROUP/Easy Electronic/Project/RFID_CRD/4. Implement/3. FW/Drivers/STM32F1xx_HAL_Driver/Src/stm32f1xx_hal_spi.c:2096:13:HAL_SPI_RxHalfCpltCallback	0	static
C:/WORK/EASYGROUP/Easy Electronic/Project/RFID_CRD/4. Implement/3. FW/Drivers/STM32F1xx_HAL_Driver/Src/stm32f1xx_hal_spi.c:2423:13:SPI_DMAHalfReceiveCplt	8	static
C:/WORK/EASYGROUP/Easy Electronic/Project/RFID_CRD/4. Implement/3. FW/Drivers/STM32F1xx_HAL_Driver/Src/stm32f1xx_hal_spi.c:2111:13:HAL_SPI_TxRxHalfCpltCallback	0	static
C:/WORK/EASYGROUP/Easy Electronic/Project/RFID_CRD/4. Implement/3. FW/Drivers/STM32F1xx_HAL_Driver/Src/stm32f1xx_hal_spi.c:2436:13:SPI_DMAHalfTransmitReceiveCplt	8	static
C:/WORK/EASYGROUP/Easy Electronic/Project/RFID_CRD/4. Implement/3. FW/Drivers/STM32F1xx_HAL_Driver/Src/stm32f1xx_hal_spi.c:2126:14:HAL_SPI_ErrorCallback	0	static
C:/WORK/EASYGROUP/Easy Electronic/Project/RFID_CRD/4. Implement/3. FW/Drivers/STM32F1xx_HAL_Driver/Src/stm32f1xx_hal_spi.c:3140:13:SPI_CloseTx_ISR	16	static
C:/WORK/EASYGROUP/Easy Electronic/Project/RFID_CRD/4. Implement/3. FW/Drivers/STM32F1xx_HAL_Driver/Src/stm32f1xx_hal_spi.c:2877:13:SPI_TxISR_8BIT	0	static
C:/WORK/EASYGROUP/Easy Electronic/Project/RFID_CRD/4. Implement/3. FW/Drivers/STM32F1xx_HAL_Driver/Src/stm32f1xx_hal_spi.c:2901:13:SPI_TxISR_16BIT	0	static
C:/WORK/EASYGROUP/Easy Electronic/Project/RFID_CRD/4. Implement/3. FW/Drivers/STM32F1xx_HAL_Driver/Src/stm32f1xx_hal_spi.c:2449:13:SPI_DMAError	8	static
C:/WORK/EASYGROUP/Easy Electronic/Project/RFID_CRD/4. Implement/3. FW/Drivers/STM32F1xx_HAL_Driver/Src/stm32f1xx_hal_spi.c:2215:13:SPI_DMATransmitCplt	24	static
C:/WORK/EASYGROUP/Easy Electronic/Project/RFID_CRD/4. Implement/3. FW/Drivers/STM32F1xx_HAL_Driver/Src/stm32f1xx_hal_spi.c:1947:6:HAL_SPI_IRQHandler	32	static
C:/WORK/EASYGROUP/Easy Electronic/Project/RFID_CRD/4. Implement/3. FW/Drivers/STM32F1xx_HAL_Driver/Src/stm32f1xx_hal_spi.c:2467:13:SPI_DMAAbortOnError	8	static
C:/WORK/EASYGROUP/Easy Electronic/Project/RFID_CRD/4. Implement/3. FW/Drivers/STM32F1xx_HAL_Driver/Src/stm32f1xx_hal_spi.c:2143:13:HAL_SPI_AbortCpltCallback	0	static
C:/WORK/EASYGROUP/Easy Electronic/Project/RFID_CRD/4. Implement/3. FW/Drivers/STM32F1xx_HAL_Driver/Src/stm32f1xx_hal_spi.c:1731:19:HAL_SPI_Abort_IT	24	static
C:/WORK/EASYGROUP/Easy Electronic/Project/RFID_CRD/4. Implement/3. FW/Drivers/STM32F1xx_HAL_Driver/Src/stm32f1xx_hal_spi.c:2536:13:SPI_DMARxAbortCallback	16	static
C:/WORK/EASYGROUP/Easy Electronic/Project/RFID_CRD/4. Implement/3. FW/Drivers/STM32F1xx_HAL_Driver/Src/stm32f1xx_hal_spi.c:2484:13:SPI_DMATxAbortCallback	16	static
C:/WORK/EASYGROUP/Easy Electronic/Project/RFID_CRD/4. Implement/3. FW/Drivers/STM32F1xx_HAL_Driver/Src/stm32f1xx_hal_spi.c:2178:22:HAL_SPI_GetState	0	static
C:/WORK/EASYGROUP/Easy Electronic/Project/RFID_CRD/4. Implement/3. FW/Drivers/STM32F1xx_HAL_Driver/Src/stm32f1xx_hal_spi.c:2190:10:HAL_SPI_GetError	0	static
C:/WORK/EASYGROUP/Easy Electronic/Project/RFID_CRD/4. Implement/3. FW/Drivers/STM32F1xx_HAL_Driver/Src/stm32f1xx_hal_spi.c:3246:16:SPI_ISCRCErrorValid	0	static
C:/WORK/EASYGROUP/Easy Electronic/Project/RFID_CRD/4. Implement/3. FW/Drivers/STM32F1xx_HAL_Driver/Src/stm32f1xx_hal_spi.c:823:19:HAL_SPI_TransmitReceive	48	static
C:/WORK/EASYGROUP/Easy Electronic/Project/RFID_CRD/4. Implement/3. FW/Drivers/STM32F1xx_HAL_Driver/Src/stm32f1xx_hal_spi.c:616:19:HAL_SPI_Receive	40	static
C:/WORK/EASYGROUP/Easy Electronic/Project/RFID_CRD/4. Implement/3. FW/Drivers/STM32F1xx_HAL_Driver/Src/stm32f1xx_hal_spi.c:3080:13:SPI_CloseRx_ISR	16	static
C:/WORK/EASYGROUP/Easy Electronic/Project/RFID_CRD/4. Implement/3. FW/Drivers/STM32F1xx_HAL_Driver/Src/stm32f1xx_hal_spi.c:2788:13:SPI_RxISR_8BIT	0	static
C:/WORK/EASYGROUP/Easy Electronic/Project/RFID_CRD/4. Implement/3. FW/Drivers/STM32F1xx_HAL_Driver/Src/stm32f1xx_hal_spi.c:2768:13:SPI_RxISR_8BITCRC	8	static
C:/WORK/EASYGROUP/Easy Electronic/Project/RFID_CRD/4. Implement/3. FW/Drivers/STM32F1xx_HAL_Driver/Src/stm32f1xx_hal_spi.c:2844:13:SPI_RxISR_16BIT	0	static
C:/WORK/EASYGROUP/Easy Electronic/Project/RFID_CRD/4. Implement/3. FW/Drivers/STM32F1xx_HAL_Driver/Src/stm32f1xx_hal_spi.c:2821:13:SPI_RxISR_16BITCRC	8	static
C:/WORK/EASYGROUP/Easy Electronic/Project/RFID_CRD/4. Implement/3. FW/Drivers/STM32F1xx_HAL_Driver/Src/stm32f1xx_hal_spi.c:2995:13:SPI_CloseRxTx_ISR	16	static
C:/WORK/EASYGROUP/Easy Electronic/Project/RFID_CRD/4. Implement/3. FW/Drivers/STM32F1xx_HAL_Driver/Src/stm32f1xx_hal_spi.c:2641:13:SPI_2linesTxISR_8BIT	0	static
C:/WORK/EASYGROUP/Easy Electronic/Project/RFID_CRD/4. Implement/3. FW/Drivers/STM32F1xx_HAL_Driver/Src/stm32f1xx_hal_spi.c:2580:13:SPI_2linesRxISR_8BIT	4	static
C:/WORK/EASYGROUP/Easy Electronic/Project/RFID_CRD/4. Implement/3. FW/Drivers/STM32F1xx_HAL_Driver/Src/stm32f1xx_hal_spi.c:2614:13:SPI_2linesRxISR_8BITCRC	8	static
C:/WORK/EASYGROUP/Easy Electronic/Project/RFID_CRD/4. Implement/3. FW/Drivers/STM32F1xx_HAL_Driver/Src/stm32f1xx_hal_spi.c:2732:13:SPI_2linesTxISR_16BIT	4	static
C:/WORK/EASYGROUP/Easy Electronic/Project/RFID_CRD/4. Implement/3. FW/Drivers/STM32F1xx_HAL_Driver/Src/stm32f1xx_hal_spi.c:2674:13:SPI_2linesRxISR_16BIT	4	static
C:/WORK/EASYGROUP/Easy Electronic/Project/RFID_CRD/4. Implement/3. FW/Drivers/STM32F1xx_HAL_Driver/Src/stm32f1xx_hal_spi.c:2708:13:SPI_2linesRxISR_16BITCRC	8	static
C:/WORK/EASYGROUP/Easy Electronic/Project/RFID_CRD/4. Implement/3. FW/Drivers/STM32F1xx_HAL_Driver/Src/stm32f1xx_hal_spi.c:2259:13:SPI_DMAReceiveCplt	32	static
C:/WORK/EASYGROUP/Easy Electronic/Project/RFID_CRD/4. Implement/3. FW/Drivers/STM32F1xx_HAL_Driver/Src/stm32f1xx_hal_spi.c:2336:13:SPI_DMATransmitReceiveCplt	32	static
